Archive member included because of file (symbol)

/Users/maticknap/ARM/gcc-arm-none-eabi-4_8-2014q2/bin/../lib/gcc/arm-none-eabi/4.8.4/armv7e-m/softfp/libgcc.a(_arm_addsubdf3.o)
                              obj/App/Common/Minimal/flop.o (__aeabi_dsub)
/Users/maticknap/ARM/gcc-arm-none-eabi-4_8-2014q2/bin/../lib/gcc/arm-none-eabi/4.8.4/armv7e-m/softfp/libgcc.a(_arm_muldivdf3.o)
                              obj/App/Common/Minimal/flop.o (__aeabi_dmul)
/Users/maticknap/ARM/gcc-arm-none-eabi-4_8-2014q2/bin/../lib/gcc/arm-none-eabi/4.8.4/armv7e-m/softfp/libgcc.a(_arm_cmpdf2.o)
                              obj/App/Common/Minimal/flop.o (__aeabi_dcmpgt)
/Users/maticknap/ARM/gcc-arm-none-eabi-4_8-2014q2/bin/../lib/gcc/arm-none-eabi/4.8.4/../../../../arm-none-eabi/lib/armv7e-m/softfp/libc.a(lib_a-atoi.o)
                              obj/App/STM32F4-Discovery/tcpCLI.o (atoi)
/Users/maticknap/ARM/gcc-arm-none-eabi-4_8-2014q2/bin/../lib/gcc/arm-none-eabi/4.8.4/../../../../arm-none-eabi/lib/armv7e-m/softfp/libc.a(lib_a-exit.o)
                              /Users/maticknap/ARM/gcc-arm-none-eabi-4_8-2014q2/bin/../lib/gcc/arm-none-eabi/4.8.4/../../../../arm-none-eabi/lib/armv7e-m/softfp/crt0.o (exit)
/Users/maticknap/ARM/gcc-arm-none-eabi-4_8-2014q2/bin/../lib/gcc/arm-none-eabi/4.8.4/../../../../arm-none-eabi/lib/armv7e-m/softfp/libc.a(lib_a-impure.o)
                              /Users/maticknap/ARM/gcc-arm-none-eabi-4_8-2014q2/bin/../lib/gcc/arm-none-eabi/4.8.4/../../../../arm-none-eabi/lib/armv7e-m/softfp/libc.a(lib_a-exit.o) (_global_impure_ptr)
/Users/maticknap/ARM/gcc-arm-none-eabi-4_8-2014q2/bin/../lib/gcc/arm-none-eabi/4.8.4/../../../../arm-none-eabi/lib/armv7e-m/softfp/libc.a(lib_a-init.o)
                              /Users/maticknap/ARM/gcc-arm-none-eabi-4_8-2014q2/bin/../lib/gcc/arm-none-eabi/4.8.4/../../../../arm-none-eabi/lib/armv7e-m/softfp/crt0.o (__libc_init_array)
/Users/maticknap/ARM/gcc-arm-none-eabi-4_8-2014q2/bin/../lib/gcc/arm-none-eabi/4.8.4/../../../../arm-none-eabi/lib/armv7e-m/softfp/libc.a(lib_a-memcmp.o)
                              obj/Source/tasks.o (memcmp)
/Users/maticknap/ARM/gcc-arm-none-eabi-4_8-2014q2/bin/../lib/gcc/arm-none-eabi/4.8.4/../../../../arm-none-eabi/lib/armv7e-m/softfp/libc.a(lib_a-memcpy.o)
                              obj/App/STM32F4-Discovery/W5200.o (memcpy)
/Users/maticknap/ARM/gcc-arm-none-eabi-4_8-2014q2/bin/../lib/gcc/arm-none-eabi/4.8.4/../../../../arm-none-eabi/lib/armv7e-m/softfp/libc.a(lib_a-memset.o)
                              /Users/maticknap/ARM/gcc-arm-none-eabi-4_8-2014q2/bin/../lib/gcc/arm-none-eabi/4.8.4/../../../../arm-none-eabi/lib/armv7e-m/softfp/crt0.o (memset)
/Users/maticknap/ARM/gcc-arm-none-eabi-4_8-2014q2/bin/../lib/gcc/arm-none-eabi/4.8.4/../../../../arm-none-eabi/lib/armv7e-m/softfp/libc.a(lib_a-strlen.o)
                              obj/App/STM32F4-Discovery/tcpCLI.o (strlen)
/Users/maticknap/ARM/gcc-arm-none-eabi-4_8-2014q2/bin/../lib/gcc/arm-none-eabi/4.8.4/../../../../arm-none-eabi/lib/armv7e-m/softfp/libc.a(lib_a-strncmp.o)
                              obj/App/STM32F4-Discovery/tcpCLI.o (strncmp)
/Users/maticknap/ARM/gcc-arm-none-eabi-4_8-2014q2/bin/../lib/gcc/arm-none-eabi/4.8.4/../../../../arm-none-eabi/lib/armv7e-m/softfp/libc.a(lib_a-strncpy.o)
                              obj/Source/FreeRTOS-Plus-CLI/FreeRTOS_CLI.o (strncpy)
/Users/maticknap/ARM/gcc-arm-none-eabi-4_8-2014q2/bin/../lib/gcc/arm-none-eabi/4.8.4/../../../../arm-none-eabi/lib/armv7e-m/softfp/libc.a(lib_a-strtol.o)
                              /Users/maticknap/ARM/gcc-arm-none-eabi-4_8-2014q2/bin/../lib/gcc/arm-none-eabi/4.8.4/../../../../arm-none-eabi/lib/armv7e-m/softfp/libc.a(lib_a-atoi.o) (_strtol_r)
/Users/maticknap/ARM/gcc-arm-none-eabi-4_8-2014q2/bin/../lib/gcc/arm-none-eabi/4.8.4/../../../../arm-none-eabi/lib/armv7e-m/softfp/libc.a(lib_a-__call_atexit.o)
                              /Users/maticknap/ARM/gcc-arm-none-eabi-4_8-2014q2/bin/../lib/gcc/arm-none-eabi/4.8.4/../../../../arm-none-eabi/lib/armv7e-m/softfp/libc.a(lib_a-exit.o) (__call_exitprocs)
/Users/maticknap/ARM/gcc-arm-none-eabi-4_8-2014q2/bin/../lib/gcc/arm-none-eabi/4.8.4/../../../../arm-none-eabi/lib/armv7e-m/softfp/libc.a(lib_a-atexit.o)
                              /Users/maticknap/ARM/gcc-arm-none-eabi-4_8-2014q2/bin/../lib/gcc/arm-none-eabi/4.8.4/../../../../arm-none-eabi/lib/armv7e-m/softfp/libc.a(lib_a-__call_atexit.o) (atexit)
/Users/maticknap/ARM/gcc-arm-none-eabi-4_8-2014q2/bin/../lib/gcc/arm-none-eabi/4.8.4/../../../../arm-none-eabi/lib/armv7e-m/softfp/libc.a(lib_a-ctype_.o)
                              /Users/maticknap/ARM/gcc-arm-none-eabi-4_8-2014q2/bin/../lib/gcc/arm-none-eabi/4.8.4/../../../../arm-none-eabi/lib/armv7e-m/softfp/libc.a(lib_a-strtol.o) (__ctype_ptr__)
/Users/maticknap/ARM/gcc-arm-none-eabi-4_8-2014q2/bin/../lib/gcc/arm-none-eabi/4.8.4/../../../../arm-none-eabi/lib/armv7e-m/softfp/libc.a(lib_a-fini.o)
[...]
Memory Configuration

Name             Origin             Length             Attributes
FLASH            0x0000000008000000 0x0000000000100000 xr
RAM              0x0000000020000000 0x0000000000030000 xrw
MEMORY_B1        0x0000000060000000 0x0000000000000000 xr
*default*        0x0000000000000000 0xffffffffffffffff

Linker script and memory map

LOAD /Users/maticknap/ARM/gcc-arm-none-eabi-4_8-2014q2/bin/../lib/gcc/arm-none-eabi/4.8.4/armv7e-m/softfp/crti.o
LOAD /Users/maticknap/ARM/gcc-arm-none-eabi-4_8-2014q2/bin/../lib/gcc/arm-none-eabi/4.8.4/armv7e-m/softfp/crtbegin.o
LOAD /Users/maticknap/ARM/gcc-arm-none-eabi-4_8-2014q2/bin/../lib/gcc/arm-none-eabi/4.8.4/../../../../arm-none-eabi/lib/armv7e-m/softfp/crt0.o
LOAD obj/App/STM32F4-Discovery/spi.o
LOAD obj/App/STM32F4-Discovery/W5200.o
LOAD obj/App/STM32F4-Discovery/modbus_mk.o
LOAD obj/App/STM32F4-Discovery/tcpCLI.o
LOAD obj/App/STM32F4-Discovery/printf-stdarg.o
LOAD obj/App/STM32F4-Discovery/main.o
LOAD obj/App/STM32F4-Discovery/ParTest.o
LOAD obj/App/STM32F4-Discovery/startup/startup_stm32f4xx.o
LOAD obj/App/STM32F4-Discovery/startup/system_stm32f4xx.o
LOAD obj/Source/tasks.o
LOAD obj/Source/queue.o
LOAD obj/Source/list.o
LOAD obj/Source/croutine.o
LOAD obj/Source/portable/GCC/ARM_CM4F/port.o
LOAD obj/Source/timers.o
LOAD obj/Source/FreeRTOS-Plus-CLI/FreeRTOS_CLI.o
LOAD obj/Source/portable/MemMang/heap_4.o
LOAD obj/App/Common/Minimal/BlockQ.o
LOAD obj/App/Common/Minimal/blocktim.o
LOAD obj/App/Common/Minimal/countsem.o
LOAD obj/App/Common/Minimal/death.o
LOAD obj/App/Common/Minimal/dynamic.o
LOAD obj/App/Common/Minimal/flash.o
LOAD obj/App/Common/Minimal/flop.o
LOAD obj/App/Common/Minimal/GenQTest.o
LOAD obj/App/Common/Minimal/integer.o
LOAD obj/App/Common/Minimal/PollQ.o
LOAD obj/App/Common/Minimal/recmutex.o
LOAD obj/App/Common/Minimal/semtest.o
LOAD obj/App/STM32F4-Discovery/board/stm32f4_discovery.o
LOAD obj/App/STM32F4-Discovery/Libraries/STM32F4xx_StdPeriph_Driver/src/misc.o
LOAD obj/App/STM32F4-Discovery/Libraries/STM32F4xx_StdPeriph_Driver/src/stm32f4xx_adc.o
LOAD obj/App/STM32F4-Discovery/Libraries/STM32F4xx_StdPeriph_Driver/src/stm32f4xx_can.o
LOAD obj/App/STM32F4-Discovery/Libraries/STM32F4xx_StdPeriph_Driver/src/stm32f4xx_crc.o
LOAD obj/App/STM32F4-Discovery/Libraries/STM32F4xx_StdPeriph_Driver/src/stm32f4xx_cryp.o
LOAD obj/App/STM32F4-Discovery/Libraries/STM32F4xx_StdPeriph_Driver/src/stm32f4xx_cryp_aes.o
LOAD obj/App/STM32F4-Discovery/Libraries/STM32F4xx_StdPeriph_Driver/src/stm32f4xx_cryp_des.o
LOAD obj/App/STM32F4-Discovery/Libraries/STM32F4xx_StdPeriph_Driver/src/stm32f4xx_cryp_tdes.o
LOAD obj/App/STM32F4-Discovery/Libraries/STM32F4xx_StdPeriph_Driver/src/stm32f4xx_dac.o
LOAD obj/App/STM32F4-Discovery/Libraries/STM32F4xx_StdPeriph_Driver/src/stm32f4xx_dbgmcu.o
LOAD obj/App/STM32F4-Discovery/Libraries/STM32F4xx_StdPeriph_Driver/src/stm32f4xx_dcmi.o
LOAD obj/App/STM32F4-Discovery/Libraries/STM32F4xx_StdPeriph_Driver/src/stm32f4xx_dma.o
LOAD obj/App/STM32F4-Discovery/Libraries/STM32F4xx_StdPeriph_Driver/src/stm32f4xx_exti.o
LOAD obj/App/STM32F4-Discovery/Libraries/STM32F4xx_StdPeriph_Driver/src/stm32f4xx_flash.o
LOAD obj/App/STM32F4-Discovery/Libraries/STM32F4xx_StdPeriph_Driver/src/stm32f4xx_fsmc.o
LOAD obj/App/STM32F4-Discovery/Libraries/STM32F4xx_StdPeriph_Driver/src/stm32f4xx_gpio.o
LOAD obj/App/STM32F4-Discovery/Libraries/STM32F4xx_StdPeriph_Driver/src/stm32f4xx_hash.o
LOAD obj/App/STM32F4-Discovery/Libraries/STM32F4xx_StdPeriph_Driver/src/stm32f4xx_hash_md5.o
LOAD obj/App/STM32F4-Discovery/Libraries/STM32F4xx_StdPeriph_Driver/src/stm32f4xx_hash_sha1.o
LOAD obj/App/STM32F4-Discovery/Libraries/STM32F4xx_StdPeriph_Driver/src/stm32f4xx_i2c.o
LOAD obj/App/STM32F4-Discovery/Libraries/STM32F4xx_StdPeriph_Driver/src/stm32f4xx_iwdg.o
LOAD obj/App/STM32F4-Discovery/Libraries/STM32F4xx_StdPeriph_Driver/src/stm32f4xx_pwr.o
LOAD obj/App/STM32F4-Discovery/Libraries/STM32F4xx_StdPeriph_Driver/src/stm32f4xx_rcc.o
LOAD obj/App/STM32F4-Discovery/Libraries/STM32F4xx_StdPeriph_Driver/src/stm32f4xx_rng.o
LOAD obj/App/STM32F4-Discovery/Libraries/STM32F4xx_StdPeriph_Driver/src/stm32f4xx_rtc.o
LOAD obj/App/STM32F4-Discovery/Libraries/STM32F4xx_StdPeriph_Driver/src/stm32f4xx_sdio.o
LOAD obj/App/STM32F4-Discovery/Libraries/STM32F4xx_StdPeriph_Driver/src/stm32f4xx_spi.o
LOAD obj/App/STM32F4-Discovery/Libraries/STM32F4xx_StdPeriph_Driver/src/stm32f4xx_syscfg.o
LOAD obj/App/STM32F4-Discovery/Libraries/STM32F4xx_StdPeriph_Driver/src/stm32f4xx_tim.o
LOAD obj/App/STM32F4-Discovery/Libraries/STM32F4xx_StdPeriph_Driver/src/stm32f4xx_usart.o
LOAD obj/App/STM32F4-Discovery/Libraries/STM32F4xx_StdPeriph_Driver/src/stm32f4xx_wwdg.o
LOAD /Users/maticknap/ARM/gcc-arm-none-eabi-4_8-2014q2/bin/../lib/gcc/arm-none-eabi/4.8.4/../../../../arm-none-eabi/lib/armv7e-m/softfp/libm.a
START GROUP
LOAD /Users/maticknap/ARM/gcc-arm-none-eabi-4_8-2014q2/bin/../lib/gcc/arm-none-eabi/4.8.4/armv7e-m/softfp/libgcc.a
LOAD /Users/maticknap/ARM/gcc-arm-none-eabi-4_8-2014q2/bin/../lib/gcc/arm-none-eabi/4.8.4/../../../../arm-none-eabi/lib/armv7e-m/softfp/libc.a
END GROUP
LOAD /Users/maticknap/ARM/gcc-arm-none-eabi-4_8-2014q2/bin/../lib/gcc/arm-none-eabi/4.8.4/armv7e-m/softfp/crtend.o
LOAD /Users/maticknap/ARM/gcc-arm-none-eabi-4_8-2014q2/bin/../lib/gcc/arm-none-eabi/4.8.4/armv7e-m/softfp/crtn.o
                0x0000000020020000                _estack = 0x20020000
                0x0000000000000000                _Min_Heap_Size = 0x0
                0x0000000000000400                _Min_Stack_Size = 0x400

.isr_vector     0x0000000008000000      0x188
                0x0000000008000000                . = ALIGN (0x4)
 *(.isr_vector)
 .isr_vector    0x0000000008000000      0x188 obj/App/STM32F4-Discovery/startup/startup_stm32f4xx.o
                0x0000000008000000                g_pfnVectors
                0x0000000008000188                . = ALIGN (0x4)

.text           0x0000000008000188     0x8924
                0x0000000008000188                . = ALIGN (0x4)
 *(.text)
 .text          0x0000000008000188       0x54 /Users/maticknap/ARM/gcc-arm-none-eabi-4_8-2014q2/bin/../lib/gcc/arm-none-eabi/4.8.4/armv7e-m/softfp/crtbegin.o
 .text          0x00000000080001dc      0x134 /Users/maticknap/ARM/gcc-arm-none-eabi-4_8-2014q2/bin/../lib/gcc/arm-none-eabi/4.8.4/../../../../arm-none-eabi/lib/armv7e-m/softfp/libc.a(lib_a-memcpy.o)
                0x00000000080001dc                memcpy
 *(.text*)
 .text.init_SPIx
                0x0000000008000310      0x324 obj/App/STM32F4-Discovery/spi.o
                0x0000000008000310                init_SPIx
 .text.DMA2_Stream2_IRQHandler
                0x0000000008000634       0x9c obj/App/STM32F4-Discovery/spi.o
                0x0000000008000634                DMA2_Stream2_IRQHandler
 .text.DMA2_Stream3_IRQHandler
                0x00000000080006d0       0x9c obj/App/STM32F4-Discovery/spi.o
                0x00000000080006d0                DMA2_Stream3_IRQHandler
 .text.spi_dma_send
                0x000000000800076c      0x110 obj/App/STM32F4-Discovery/spi.o
                0x000000000800076c                spi_dma_send
 .text.spi_dma_send2B
                0x000000000800087c       0xa4 obj/App/STM32F4-Discovery/spi.o
                0x000000000800087c                spi_dma_send2B
 .text.spi_dma_sendByte
                0x0000000008000920       0x98 obj/App/STM32F4-Discovery/spi.o
                0x0000000008000920                spi_dma_sendByte
 .text.spi_dma_read
                0x00000000080009b8      0x10c obj/App/STM32F4-Discovery/spi.o
                0x00000000080009b8                spi_dma_read
 .text.init_W5200
                0x0000000008000ac4      0x188 obj/App/STM32F4-Discovery/W5200.o
                0x0000000008000ac4                init_W5200
 .text.W5200_set_hardware_address
                0x0000000008000c4c       0x18 obj/App/STM32F4-Discovery/W5200.o
                0x0000000008000c4c                W5200_set_hardware_address
 .text.W5200_configure_network
                0x0000000008000c64       0x30 obj/App/STM32F4-Discovery/W5200.o
                0x0000000008000c64                W5200_configure_network
 .text.get_CRStatus
                0x0000000008000c94       0x38 obj/App/STM32F4-Discovery/W5200.o
 .text.get_SRStatus
                0x0000000008000ccc       0x38 obj/App/STM32F4-Discovery/W5200.o
 .text.get_TXFSRStatus
                0x0000000008000d04       0x48 obj/App/STM32F4-Discovery/W5200.o
 .text.get_TXWRStatus
                0x0000000008000d4c       0x48 obj/App/STM32F4-Discovery/W5200.o
 .text.get_TXRD
                0x0000000008000d94       0x48 obj/App/STM32F4-Discovery/W5200.o
 .text.set_TXWR
                0x0000000008000ddc       0x30 obj/App/STM32F4-Discovery/W5200.o
 .text.get_RXRSR
                0x0000000008000e0c       0x48 obj/App/STM32F4-Discovery/W5200.o
 .text.get_RXRD
                0x0000000008000e54       0x48 obj/App/STM32F4-Discovery/W5200.o
 .text.set_RXRD
                0x0000000008000e9c       0x30 obj/App/STM32F4-Discovery/W5200.o
 .text.write_memory
                0x0000000008000ecc       0xb0 obj/App/STM32F4-Discovery/W5200.o
                0x0000000008000ecc                write_memory
 .text.read_memory
                0x0000000008000f7c       0xc0 obj/App/STM32F4-Discovery/W5200.o
                0x0000000008000f7c                read_memory
 .text.socket   0x000000000800103c      0x150 obj/App/STM32F4-Discovery/W5200.o
                0x000000000800103c                socket
 .text.send     0x000000000800118c      0x188 obj/App/STM32F4-Discovery/W5200.o
                0x000000000800118c                send
 .text.recv     0x0000000008001314       0xe4 obj/App/STM32F4-Discovery/W5200.o
                0x0000000008001314                recv
 .text.listen   0x00000000080013f8       0xa8 obj/App/STM32F4-Discovery/W5200.o
                0x00000000080013f8                listen
 .text.locate_interrupt
                0x00000000080014a0       0xd0 obj/App/STM32F4-Discovery/W5200.o
                0x00000000080014a0                locate_interrupt
 .text.EXTI4_IRQHandler
                0x0000000008001570       0x1c obj/App/STM32F4-Discovery/W5200.o
                0x0000000008001570                EXTI4_IRQHandler
 .text.set_macTask
                0x000000000800158c       0x64 obj/App/STM32F4-Discovery/W5200.o
                0x000000000800158c                set_macTask
 .text.init_USARTx
                0x00000000080015f0       0xf0 obj/App/STM32F4-Discovery/modbus_mk.o
                0x00000000080015f0                init_USARTx
 .text.USART_puts
                0x00000000080016e0       0x50 obj/App/STM32F4-Discovery/modbus_mk.o
                0x00000000080016e0                USART_puts
 .text.USART6_IRQHandler
                0x0000000008001730       0xb0 obj/App/STM32F4-Discovery/modbus_mk.o
                0x0000000008001730                USART6_IRQHandler
 .text.crc16    0x00000000080017e0       0x6c obj/App/STM32F4-Discovery/modbus_mk.o
                0x00000000080017e0                crc16
 .text.write_read_modbus
                0x000000000800184c       0xbc obj/App/STM32F4-Discovery/modbus_mk.o
                0x000000000800184c                write_read_modbus
 .text.modbus_WIB
                0x0000000008001908      0x1f0 obj/App/STM32F4-Discovery/modbus_mk.o
                0x0000000008001908                modbus_WIB
 .text.modbus_WR
                0x0000000008001af8      0x158 obj/App/STM32F4-Discovery/modbus_mk.o
                0x0000000008001af8                modbus_WR
 .text.modbus_RR
                0x0000000008001c50      0x164 obj/App/STM32F4-Discovery/modbus_mk.o
                0x0000000008001c50                modbus_RR
 .text.motorHeartBeat_task
                0x0000000008001db4       0x28 obj/App/STM32F4-Discovery/modbus_mk.o
                0x0000000008001db4                motorHeartBeat_task
 .text.motorControl_task
                0x0000000008001ddc      0x1b4 obj/App/STM32F4-Discovery/modbus_mk.o
                0x0000000008001ddc                motorControl_task
 .text.handleVariable_set
                0x0000000008001f90      0x524 obj/App/STM32F4-Discovery/tcpCLI.o
                0x0000000008001f90                handleVariable_set
 .text.handleVariable_get
                0x00000000080024b4      0x260 obj/App/STM32F4-Discovery/tcpCLI.o
                0x00000000080024b4                handleVariable_get
 .text.prvMotorCommand
                0x0000000008002714      0x2ac obj/App/STM32F4-Discovery/tcpCLI.o
                0x0000000008002714                prvMotorCommand
 .text.printchar
                0x00000000080029c0       0x30 obj/App/STM32F4-Discovery/printf-stdarg.o
 .text.prints   0x00000000080029f0       0xb4 obj/App/STM32F4-Discovery/printf-stdarg.o
 .text.printi   0x0000000008002aa4       0xdc obj/App/STM32F4-Discovery/printf-stdarg.o
 .text.print    0x0000000008002b80      0x1d4 obj/App/STM32F4-Discovery/printf-stdarg.o
 .text.sprintf  0x0000000008002d54       0x2c obj/App/STM32F4-Discovery/printf-stdarg.o
                0x0000000008002d54                sprintf
 .text.NVIC_SetPendingIRQ
                0x0000000008002d80       0x34 obj/App/STM32F4-Discovery/main.o
 .text.main     0x0000000008002db4       0xb4 obj/App/STM32F4-Discovery/main.o
                0x0000000008002db4                main
 .text.prvSetupHardware
                0x0000000008002e68       0x44 obj/App/STM32F4-Discovery/main.o
 .text.vApplicationTickHook
                0x0000000008002eac       0x24 obj/App/STM32F4-Discovery/main.o
                0x0000000008002eac                vApplicationTickHook
 .text.TIM3_IRQHandler
                0x0000000008002ed0       0x3c obj/App/STM32F4-Discovery/main.o
                0x0000000008002ed0                TIM3_IRQHandler
 .text.TIM2_IRQHandler
                0x0000000008002f0c       0x24 obj/App/STM32F4-Discovery/main.o
                0x0000000008002f0c                TIM2_IRQHandler
 .text.vApplicationMallocFailedHook
                0x0000000008002f30        0xc obj/App/STM32F4-Discovery/main.o
                0x0000000008002f30                vApplicationMallocFailedHook
 .text.vApplicationIdleHook
                0x0000000008002f3c        0xc obj/App/STM32F4-Discovery/main.o
                0x0000000008002f3c                vApplicationIdleHook
 .text.vApplicationStackOverflowHook
                0x0000000008002f48       0x10 obj/App/STM32F4-Discovery/main.o
                0x0000000008002f48                vApplicationStackOverflowHook
 .text.assert_failed
                0x0000000008002f58       0x14 obj/App/STM32F4-Discovery/main.o
                0x0000000008002f58                assert_failed
 .text.Reset_Handler
                0x0000000008002f6c       0x60 obj/App/STM32F4-Discovery/startup/startup_stm32f4xx.o
                0x0000000008002f6c                Reset_Handler
 .text.Default_Handler
                0x0000000008002fcc        0x4 obj/App/STM32F4-Discovery/startup/startup_stm32f4xx.o
                0x0000000008002fcc                DMA1_Stream3_IRQHandler
                0x0000000008002fcc                HASH_RNG_IRQHandler
                0x0000000008002fcc                EXTI2_IRQHandler
                0x0000000008002fcc                TIM8_CC_IRQHandler
                0x0000000008002fcc                DebugMon_Handler
                0x0000000008002fcc                TIM1_CC_IRQHandler
                0x0000000008002fcc                DMA2_Stream5_IRQHandler
                0x0000000008002fcc                HardFault_Handler
                0x0000000008002fcc                DMA1_Stream5_IRQHandler
                0x0000000008002fcc                PVD_IRQHandler
                0x0000000008002fcc                SDIO_IRQHandler
                0x0000000008002fcc                TAMP_STAMP_IRQHandler
                0x0000000008002fcc                NMI_Handler
                0x0000000008002fcc                CAN2_RX1_IRQHandler
                0x0000000008002fcc                EXTI3_IRQHandler
                0x0000000008002fcc                TIM8_TRG_COM_TIM14_IRQHandler
                0x0000000008002fcc                TIM1_UP_TIM10_IRQHandler
                0x0000000008002fcc                TIM8_UP_TIM13_IRQHandler
                0x0000000008002fcc                I2C3_ER_IRQHandler
                0x0000000008002fcc                EXTI0_IRQHandler
                0x0000000008002fcc                I2C2_EV_IRQHandler
                0x0000000008002fcc                DMA1_Stream2_IRQHandler
                0x0000000008002fcc                CAN1_RX0_IRQHandler
                0x0000000008002fcc                FPU_IRQHandler
                0x0000000008002fcc                OTG_HS_WKUP_IRQHandler
                0x0000000008002fcc                UsageFault_Handler
                0x0000000008002fcc                CAN2_SCE_IRQHandler
                0x0000000008002fcc                SPI1_IRQHandler
                0x0000000008002fcc                TIM6_DAC_IRQHandler
                0x0000000008002fcc                TIM1_BRK_TIM9_IRQHandler
                0x0000000008002fcc                DCMI_IRQHandler
                0x0000000008002fcc                CAN2_RX0_IRQHandler
                0x0000000008002fcc                USART3_IRQHandler
                0x0000000008002fcc                CRYP_IRQHandler
                0x0000000008002fcc                CAN1_RX1_IRQHandler
                0x0000000008002fcc                UART5_IRQHandler
                0x0000000008002fcc                DMA2_Stream0_IRQHandler
                0x0000000008002fcc                TIM4_IRQHandler
                0x0000000008002fcc                I2C1_EV_IRQHandler
                0x0000000008002fcc                DMA1_Stream6_IRQHandler
                0x0000000008002fcc                DMA1_Stream1_IRQHandler
                0x0000000008002fcc                UART4_IRQHandler
                0x0000000008002fcc                RCC_IRQHandler
                0x0000000008002fcc                TIM8_BRK_TIM12_IRQHandler
                0x0000000008002fcc                Default_Handler
                0x0000000008002fcc                EXTI15_10_IRQHandler
                0x0000000008002fcc                ADC_IRQHandler
                0x0000000008002fcc                DMA1_Stream7_IRQHandler
                0x0000000008002fcc                TIM7_IRQHandler
                0x0000000008002fcc                CAN2_TX_IRQHandler
                0x0000000008002fcc                TIM5_IRQHandler
                0x0000000008002fcc                DMA2_Stream7_IRQHandler
                0x0000000008002fcc                I2C3_EV_IRQHandler
                0x0000000008002fcc                EXTI9_5_IRQHandler
                0x0000000008002fcc                RTC_WKUP_IRQHandler
                0x0000000008002fcc                ETH_WKUP_IRQHandler
                0x0000000008002fcc                SPI2_IRQHandler
                0x0000000008002fcc                OTG_HS_EP1_IN_IRQHandler
                0x0000000008002fcc                MemManage_Handler
                0x0000000008002fcc                DMA1_Stream0_IRQHandler
                0x0000000008002fcc                CAN1_TX_IRQHandler
                0x0000000008002fcc                FSMC_IRQHandler
                0x0000000008002fcc                ETH_IRQHandler
                0x0000000008002fcc                OTG_HS_EP1_OUT_IRQHandler
                0x0000000008002fcc                WWDG_IRQHandler
                0x0000000008002fcc                OTG_FS_WKUP_IRQHandler
                0x0000000008002fcc                TIM1_TRG_COM_TIM11_IRQHandler
                0x0000000008002fcc                OTG_HS_IRQHandler
                0x0000000008002fcc                EXTI1_IRQHandler
                0x0000000008002fcc                USART2_IRQHandler
                0x0000000008002fcc                I2C2_ER_IRQHandler
                0x0000000008002fcc                DMA2_Stream1_IRQHandler
                0x0000000008002fcc                CAN1_SCE_IRQHandler
                0x0000000008002fcc                FLASH_IRQHandler
                0x0000000008002fcc                DMA2_Stream4_IRQHandler
                0x0000000008002fcc                BusFault_Handler
                0x0000000008002fcc                USART1_IRQHandler
                0x0000000008002fcc                OTG_FS_IRQHandler
                0x0000000008002fcc                SPI3_IRQHandler
                0x0000000008002fcc                DMA1_Stream4_IRQHandler
                0x0000000008002fcc                I2C1_ER_IRQHandler
                0x0000000008002fcc                DMA2_Stream6_IRQHandler
                0x0000000008002fcc                RTC_Alarm_IRQHandler
 .text.SystemInit
                0x0000000008002fd0       0x68 obj/App/STM32F4-Discovery/startup/system_stm32f4xx.o
                0x0000000008002fd0                SystemInit
 .text.SetSysClock
                0x0000000008003038       0xf4 obj/App/STM32F4-Discovery/startup/system_stm32f4xx.o
 .text.xTaskGenericCreate
                0x000000000800312c      0x168 obj/Source/tasks.o
                0x000000000800312c                xTaskGenericCreate
 .text.vTaskDelete
                0x0000000008003294       0x8c obj/Source/tasks.o
                0x0000000008003294                vTaskDelete
 .text.vTaskDelayUntil
                0x0000000008003320       0xb0 obj/Source/tasks.o
                0x0000000008003320                vTaskDelayUntil
 .text.vTaskDelay
                0x00000000080033d0       0x50 obj/Source/tasks.o
                0x00000000080033d0                vTaskDelay
 .text.vTaskSuspend
                0x0000000008003420       0x90 obj/Source/tasks.o
                0x0000000008003420                vTaskSuspend
 .text.xTaskIsTaskSuspended
                0x00000000080034b0       0x64 obj/Source/tasks.o
                0x00000000080034b0                xTaskIsTaskSuspended
 .text.vTaskResume
                0x0000000008003514       0x9c obj/Source/tasks.o
                0x0000000008003514                vTaskResume
 .text.vTaskStartScheduler
                0x00000000080035b0       0x70 obj/Source/tasks.o
                0x00000000080035b0                vTaskStartScheduler
 .text.vTaskSuspendAll
                0x0000000008003620       0x1c obj/Source/tasks.o
                0x0000000008003620                vTaskSuspendAll
 .text.xTaskResumeAll
                0x000000000800363c      0x10c obj/Source/tasks.o
                0x000000000800363c                xTaskResumeAll
 .text.xTaskGetTickCount
                0x0000000008003748       0x24 obj/Source/tasks.o
                0x0000000008003748                xTaskGetTickCount
 .text.xTaskIncrementTick
                0x000000000800376c      0x1ac obj/Source/tasks.o
                0x000000000800376c                xTaskIncrementTick
 .text.vTaskSwitchContext
                0x0000000008003918       0xf4 obj/Source/tasks.o
                0x0000000008003918                vTaskSwitchContext
 .text.vTaskPlaceOnEventList
                0x0000000008003a0c       0x6c obj/Source/tasks.o
                0x0000000008003a0c                vTaskPlaceOnEventList
 .text.vTaskPlaceOnEventListRestricted
                0x0000000008003a78       0x50 obj/Source/tasks.o
                0x0000000008003a78                vTaskPlaceOnEventListRestricted
 .text.xTaskRemoveFromEventList
                0x0000000008003ac8       0xb8 obj/Source/tasks.o
                0x0000000008003ac8                xTaskRemoveFromEventList
 .text.vTaskSetTimeOutState
                0x0000000008003b80       0x34 obj/Source/tasks.o
                0x0000000008003b80                vTaskSetTimeOutState
 .text.xTaskCheckForTimeOut
                0x0000000008003bb4       0xa0 obj/Source/tasks.o
                0x0000000008003bb4                xTaskCheckForTimeOut
 .text.vTaskMissedYield
                0x0000000008003c54       0x18 obj/Source/tasks.o
                0x0000000008003c54                vTaskMissedYield
 .text.prvIdleTask
                0x0000000008003c6c       0x24 obj/Source/tasks.o
 .text.prvInitialiseTCBVariables
                0x0000000008003c90       0x90 obj/Source/tasks.o
 .text.prvInitialiseTaskLists
                0x0000000008003d20       0x7c obj/Source/tasks.o
 .text.prvCheckTasksWaitingTermination
                0x0000000008003d9c       0x74 obj/Source/tasks.o
 .text.prvAddCurrentTaskToDelayedList
                0x0000000008003e10       0x6c obj/Source/tasks.o
 .text.prvAllocateTCBAndStack
                0x0000000008003e7c       0x64 obj/Source/tasks.o
 .text.prvDeleteTCB
                0x0000000008003ee0       0x20 obj/Source/tasks.o
 .text.xTaskGetCurrentTaskHandle
                0x0000000008003f00       0x20 obj/Source/tasks.o
                0x0000000008003f00                xTaskGetCurrentTaskHandle
 .text.xTaskGetSchedulerState
                0x0000000008003f20       0x3c obj/Source/tasks.o
                0x0000000008003f20                xTaskGetSchedulerState
 .text.vTaskPriorityInherit
                0x0000000008003f5c       0xb4 obj/Source/tasks.o
                0x0000000008003f5c                vTaskPriorityInherit
 .text.vTaskPriorityDisinherit
                0x0000000008004010       0x7c obj/Source/tasks.o
                0x0000000008004010                vTaskPriorityDisinherit
 .text.xQueueGenericReset
                0x000000000800408c       0xb0 obj/Source/queue.o
                0x000000000800408c                xQueueGenericReset
 .text.xQueueGenericCreate
                0x000000000800413c       0x84 obj/Source/queue.o
                0x000000000800413c                xQueueGenericCreate
 .text.xQueueGenericSend
                0x00000000080041c0      0x160 obj/Source/queue.o
                0x00000000080041c0                xQueueGenericSend
 .text.xQueueGenericSendFromISR
                0x0000000008004320       0xd4 obj/Source/queue.o
                0x0000000008004320                xQueueGenericSendFromISR
 .text.xQueueGenericReceive
                0x00000000080043f4      0x19c obj/Source/queue.o
                0x00000000080043f4                xQueueGenericReceive
 .text.prvCopyDataToQueue
                0x0000000008004590       0xd0 obj/Source/queue.o
 .text.prvCopyDataFromQueue
                0x0000000008004660       0x4c obj/Source/queue.o
 .text.prvUnlockQueue
                0x00000000080046ac       0x98 obj/Source/queue.o
 .text.prvIsQueueEmpty
                0x0000000008004744       0x2c obj/Source/queue.o
 .text.prvIsQueueFull
                0x0000000008004770       0x30 obj/Source/queue.o
 .text.vQueueWaitForMessageRestricted
                0x00000000080047a0       0x58 obj/Source/queue.o
                0x00000000080047a0                vQueueWaitForMessageRestricted
 .text.vListInitialise
                0x00000000080047f8       0x40 obj/Source/list.o
                0x00000000080047f8                vListInitialise
 .text.vListInitialiseItem
                0x0000000008004838       0x18 obj/Source/list.o
                0x0000000008004838                vListInitialiseItem
 .text.vListInsertEnd
                0x0000000008004850       0x48 obj/Source/list.o
                0x0000000008004850                vListInsertEnd
 .text.vListInsert
                0x0000000008004898       0x70 obj/Source/list.o
                0x0000000008004898                vListInsert
 .text.uxListRemove
                0x0000000008004908       0x54 obj/Source/list.o
                0x0000000008004908                uxListRemove
 .text.pxPortInitialiseStack
                0x000000000800495c       0x64 obj/Source/portable/GCC/ARM_CM4F/port.o
                0x000000000800495c                pxPortInitialiseStack
 .text.prvTaskExitError
                0x00000000080049c0       0x20 obj/Source/portable/GCC/ARM_CM4F/port.o
 .text.SVC_Handler
                0x00000000080049e0       0x1c obj/Source/portable/GCC/ARM_CM4F/port.o
                0x00000000080049e0                SVC_Handler
 .text.prvPortStartFirstTask
                0x00000000080049fc       0x14 obj/Source/portable/GCC/ARM_CM4F/port.o
 .text.xPortStartScheduler
                0x0000000008004a10       0xcc obj/Source/portable/GCC/ARM_CM4F/port.o
                0x0000000008004a10                xPortStartScheduler
 .text.vPortYield
                0x0000000008004adc       0x20 obj/Source/portable/GCC/ARM_CM4F/port.o
                0x0000000008004adc                vPortYield
 .text.vPortEnterCritical
                0x0000000008004afc       0x20 obj/Source/portable/GCC/ARM_CM4F/port.o
                0x0000000008004afc                vPortEnterCritical
 .text.vPortExitCritical
                0x0000000008004b1c       0x24 obj/Source/portable/GCC/ARM_CM4F/port.o
                0x0000000008004b1c                vPortExitCritical
 .text.ulPortSetInterruptMask
                0x0000000008004b40       0x14 obj/Source/portable/GCC/ARM_CM4F/port.o
                0x0000000008004b40                ulPortSetInterruptMask
 .text.vPortClearInterruptMask
                0x0000000008004b54        0x8 obj/Source/portable/GCC/ARM_CM4F/port.o
                0x0000000008004b54                vPortClearInterruptMask
 .text.PendSV_Handler
                0x0000000008004b5c       0x50 obj/Source/portable/GCC/ARM_CM4F/port.o
                0x0000000008004b5c                PendSV_Handler
 .text.SysTick_Handler
                0x0000000008004bac       0x28 obj/Source/portable/GCC/ARM_CM4F/port.o
                0x0000000008004bac                SysTick_Handler
 .text.vPortSetupTimerInterrupt
                0x0000000008004bd4       0x34 obj/Source/portable/GCC/ARM_CM4F/port.o
                0x0000000008004bd4                vPortSetupTimerInterrupt
 .text.vPortEnableVFP
                0x0000000008004c08       0x14 obj/Source/portable/GCC/ARM_CM4F/port.o
 .text.vPortValidateInterruptPriority
                0x0000000008004c1c       0x58 obj/Source/portable/GCC/ARM_CM4F/port.o
                0x0000000008004c1c                vPortValidateInterruptPriority
 .text.xTimerCreateTimerTask
                0x0000000008004c74       0x58 obj/Source/timers.o
                0x0000000008004c74                xTimerCreateTimerTask
 .text.xTimerGenericCommand
                0x0000000008004ccc       0x8c obj/Source/timers.o
                0x0000000008004ccc                xTimerGenericCommand
 .text.prvProcessExpiredTimer
                0x0000000008004d58       0x70 obj/Source/timers.o
 .text.prvTimerTask
                0x0000000008004dc8       0x24 obj/Source/timers.o
 .text.prvProcessTimerOrBlockTask
                0x0000000008004dec       0x6c obj/Source/timers.o
 .text.prvGetNextExpireTime
                0x0000000008004e58       0x48 obj/Source/timers.o
 .text.prvSampleTimeNow
                0x0000000008004ea0       0x44 obj/Source/timers.o
 .text.prvInsertTimerInActiveList
                0x0000000008004ee4       0x84 obj/Source/timers.o
 .text.prvProcessReceivedCommands
                0x0000000008004f68       0xf0 obj/Source/timers.o
 .text.prvSwitchTimerLists
                0x0000000008005058       0xb4 obj/Source/timers.o
 .text.prvCheckForValidListAndQueue
                0x000000000800510c       0x54 obj/Source/timers.o
 .text.FreeRTOS_CLIRegisterCommand
                0x0000000008005160       0x68 obj/Source/FreeRTOS-Plus-CLI/FreeRTOS_CLI.o
                0x0000000008005160                FreeRTOS_CLIRegisterCommand
 .text.FreeRTOS_CLIProcessCommand
                0x00000000080051c8      0x10c obj/Source/FreeRTOS-Plus-CLI/FreeRTOS_CLI.o
                0x00000000080051c8                FreeRTOS_CLIProcessCommand
 .text.FreeRTOS_CLIGetParameter
                0x00000000080052d4       0xb8 obj/Source/FreeRTOS-Plus-CLI/FreeRTOS_CLI.o
                0x00000000080052d4                FreeRTOS_CLIGetParameter
 .text.prvHelpCommand
                0x000000000800538c       0x5c obj/Source/FreeRTOS-Plus-CLI/FreeRTOS_CLI.o
 .text.prvGetNumberOfParameters
                0x00000000080053e8       0x5c obj/Source/FreeRTOS-Plus-CLI/FreeRTOS_CLI.o
 .text.pvPortMalloc
                0x0000000008005444      0x118 obj/Source/portable/MemMang/heap_4.o
                0x0000000008005444                pvPortMalloc
 .text.vPortFree
                0x000000000800555c       0x94 obj/Source/portable/MemMang/heap_4.o
                0x000000000800555c                vPortFree
 .text.prvHeapInit
                0x00000000080055f0       0x9c obj/Source/portable/MemMang/heap_4.o
 .text.prvInsertBlockIntoFreeList
                0x000000000800568c       0xb0 obj/Source/portable/MemMang/heap_4.o
 .text.NVIC_PriorityGroupConfig
                0x000000000800573c       0x54 obj/App/STM32F4-Discovery/Libraries/STM32F4xx_StdPeriph_Driver/src/misc.o
                0x000000000800573c                NVIC_PriorityGroupConfig
 .text.NVIC_Init
                0x0000000008005790       0xf4 obj/App/STM32F4-Discovery/Libraries/STM32F4xx_StdPeriph_Driver/src/misc.o
                0x0000000008005790                NVIC_Init
 .text.DMA_DeInit
                0x0000000008005884      0x22c obj/App/STM32F4-Discovery/Libraries/STM32F4xx_StdPeriph_Driver/src/stm32f4xx_dma.o
                0x0000000008005884                DMA_DeInit
 .text.DMA_Init
                0x0000000008005ab0      0x388 obj/App/STM32F4-Discovery/Libraries/STM32F4xx_StdPeriph_Driver/src/stm32f4xx_dma.o
                0x0000000008005ab0                DMA_Init
 .text.DMA_StructInit
                0x0000000008005e38       0x6c obj/App/STM32F4-Discovery/Libraries/STM32F4xx_StdPeriph_Driver/src/stm32f4xx_dma.o
                0x0000000008005e38                DMA_StructInit
 .text.DMA_Cmd  0x0000000008005ea4      0x118 obj/App/STM32F4-Discovery/Libraries/STM32F4xx_StdPeriph_Driver/src/stm32f4xx_dma.o
                0x0000000008005ea4                DMA_Cmd
 .text.DMA_SetCurrDataCounter
                0x0000000008005fbc       0xe8 obj/App/STM32F4-Discovery/Libraries/STM32F4xx_StdPeriph_Driver/src/stm32f4xx_dma.o
                0x0000000008005fbc                DMA_SetCurrDataCounter
 .text.DMA_GetCmdStatus
                0x00000000080060a4       0xfc obj/App/STM32F4-Discovery/Libraries/STM32F4xx_StdPeriph_Driver/src/stm32f4xx_dma.o
                0x00000000080060a4                DMA_GetCmdStatus
 .text.DMA_ITConfig
                0x00000000080061a0      0x16c obj/App/STM32F4-Discovery/Libraries/STM32F4xx_StdPeriph_Driver/src/stm32f4xx_dma.o
                0x00000000080061a0                DMA_ITConfig
 .text.DMA_GetITStatus
                0x000000000800630c      0x378 obj/App/STM32F4-Discovery/Libraries/STM32F4xx_StdPeriph_Driver/src/stm32f4xx_dma.o
                0x000000000800630c                DMA_GetITStatus
 .text.DMA_ClearITPendingBit
                0x0000000008006684      0x158 obj/App/STM32F4-Discovery/Libraries/STM32F4xx_StdPeriph_Driver/src/stm32f4xx_dma.o
                0x0000000008006684                DMA_ClearITPendingBit
 .text.EXTI_Init
                0x00000000080067dc      0x148 obj/App/STM32F4-Discovery/Libraries/STM32F4xx_StdPeriph_Driver/src/stm32f4xx_exti.o
                0x00000000080067dc                EXTI_Init
 .text.EXTI_ClearFlag
                0x0000000008006924       0x34 obj/App/STM32F4-Discovery/Libraries/STM32F4xx_StdPeriph_Driver/src/stm32f4xx_exti.o
                0x0000000008006924                EXTI_ClearFlag
 .text.EXTI_GetITStatus
                0x0000000008006958       0xfc obj/App/STM32F4-Discovery/Libraries/STM32F4xx_StdPeriph_Driver/src/stm32f4xx_exti.o
                0x0000000008006958                EXTI_GetITStatus
 .text.GPIO_Init
                0x0000000008006a54      0x22c obj/App/STM32F4-Discovery/Libraries/STM32F4xx_StdPeriph_Driver/src/stm32f4xx_gpio.o
                0x0000000008006a54                GPIO_Init
 .text.GPIO_PinAFConfig
                0x0000000008006c80      0x250 obj/App/STM32F4-Discovery/Libraries/STM32F4xx_StdPeriph_Driver/src/stm32f4xx_gpio.o
                0x0000000008006c80                GPIO_PinAFConfig
 .text.RCC_GetClocksFreq
                0x0000000008006ed0      0x154 obj/App/STM32F4-Discovery/Libraries/STM32F4xx_StdPeriph_Driver/src/stm32f4xx_rcc.o
                0x0000000008006ed0                RCC_GetClocksFreq
 .text.RCC_AHB1PeriphClockCmd
                0x0000000008007024       0x70 obj/App/STM32F4-Discovery/Libraries/STM32F4xx_StdPeriph_Driver/src/stm32f4xx_rcc.o
                0x0000000008007024                RCC_AHB1PeriphClockCmd
 .text.RCC_APB2PeriphClockCmd
                0x0000000008007094       0x70 obj/App/STM32F4-Discovery/Libraries/STM32F4xx_StdPeriph_Driver/src/stm32f4xx_rcc.o
                0x0000000008007094                RCC_APB2PeriphClockCmd
 .text.SPI_Init
                0x0000000008007104      0x1e4 obj/App/STM32F4-Discovery/Libraries/STM32F4xx_StdPeriph_Driver/src/stm32f4xx_spi.o
                0x0000000008007104                SPI_Init
 .text.SPI_Cmd  0x00000000080072e8       0x84 obj/App/STM32F4-Discovery/Libraries/STM32F4xx_StdPeriph_Driver/src/stm32f4xx_spi.o
                0x00000000080072e8                SPI_Cmd
 .text.SPI_I2S_DMACmd
                0x000000000800736c       0xbc obj/App/STM32F4-Discovery/Libraries/STM32F4xx_StdPeriph_Driver/src/stm32f4xx_spi.o
                0x000000000800736c                SPI_I2S_DMACmd
 .text.SPI_I2S_GetFlagStatus
                0x0000000008007428       0xbc obj/App/STM32F4-Discovery/Libraries/STM32F4xx_StdPeriph_Driver/src/stm32f4xx_spi.o
                0x0000000008007428                SPI_I2S_GetFlagStatus
 .text.SPI_I2S_ClearFlag
                0x00000000080074e4       0x74 obj/App/STM32F4-Discovery/Libraries/STM32F4xx_StdPeriph_Driver/src/stm32f4xx_spi.o
                0x00000000080074e4                SPI_I2S_ClearFlag
 .text.SYSCFG_EXTILineConfig
                0x0000000008007558      0x124 obj/App/STM32F4-Discovery/Libraries/STM32F4xx_StdPeriph_Driver/src/stm32f4xx_syscfg.o
                0x0000000008007558                SYSCFG_EXTILineConfig
 .text.USART_Init
                0x000000000800767c      0x2cc obj/App/STM32F4-Discovery/Libraries/STM32F4xx_StdPeriph_Driver/src/stm32f4xx_usart.o
                0x000000000800767c                USART_Init
 .text.USART_Cmd
                0x0000000008007948       0xa8 obj/App/STM32F4-Discovery/Libraries/STM32F4xx_StdPeriph_Driver/src/stm32f4xx_usart.o
                0x0000000008007948                USART_Cmd
 .text.USART_ITConfig
                0x00000000080079f0      0x17c obj/App/STM32F4-Discovery/Libraries/STM32F4xx_StdPeriph_Driver/src/stm32f4xx_usart.o
                0x00000000080079f0                USART_ITConfig
 .text.USART_GetITStatus
                0x0000000008007b6c      0x1ac obj/App/STM32F4-Discovery/Libraries/STM32F4xx_StdPeriph_Driver/src/stm32f4xx_usart.o
                0x0000000008007b6c                USART_GetITStatus
 .text.atoi     0x0000000008007d18        0x8 /Users/maticknap/ARM/gcc-arm-none-eabi-4_8-2014q2/bin/../lib/gcc/arm-none-eabi/4.8.4/../../../../arm-none-eabi/lib/armv7e-m/softfp/libc.a(lib_a-atoi.o)
                0x0000000008007d18                atoi
 .text.__libc_init_array
                0x0000000008007d20       0x50 /Users/maticknap/ARM/gcc-arm-none-eabi-4_8-2014q2/bin/../lib/gcc/arm-none-eabi/4.8.4/../../../../arm-none-eabi/lib/armv7e-m/softfp/libc.a(lib_a-init.o)
                0x0000000008007d20                __libc_init_array
 .text.memcmp   0x0000000008007d70       0x68 /Users/maticknap/ARM/gcc-arm-none-eabi-4_8-2014q2/bin/../lib/gcc/arm-none-eabi/4.8.4/../../../../arm-none-eabi/lib/armv7e-m/softfp/libc.a(lib_a-memcmp.o)
                0x0000000008007d70                memcmp
 .text.memset   0x0000000008007dd8       0x94 /Users/maticknap/ARM/gcc-arm-none-eabi-4_8-2014q2/bin/../lib/gcc/arm-none-eabi/4.8.4/../../../../arm-none-eabi/lib/armv7e-m/softfp/libc.a(lib_a-memset.o)
                0x0000000008007dd8                memset
 .text.strlen   0x0000000008007e6c       0x60 /Users/maticknap/ARM/gcc-arm-none-eabi-4_8-2014q2/bin/../lib/gcc/arm-none-eabi/4.8.4/../../../../arm-none-eabi/lib/armv7e-m/softfp/libc.a(lib_a-strlen.o)
                0x0000000008007e6c                strlen
 .text.strncmp  0x0000000008007ecc       0xb4 /Users/maticknap/ARM/gcc-arm-none-eabi-4_8-2014q2/bin/../lib/gcc/arm-none-eabi/4.8.4/../../../../arm-none-eabi/lib/armv7e-m/softfp/libc.a(lib_a-strncmp.o)
                0x0000000008007ecc                strncmp
 .text.strncpy  0x0000000008007f80       0x64 /Users/maticknap/ARM/gcc-arm-none-eabi-4_8-2014q2/bin/../lib/gcc/arm-none-eabi/4.8.4/../../../../arm-none-eabi/lib/armv7e-m/softfp/libc.a(lib_a-strncpy.o)
                0x0000000008007f80                strncpy
 .text._strtol_r
                0x0000000008007fe4      0x114 /Users/maticknap/ARM/gcc-arm-none-eabi-4_8-2014q2/bin/../lib/gcc/arm-none-eabi/4.8.4/../../../../arm-none-eabi/lib/armv7e-m/softfp/libc.a(lib_a-strtol.o)
                0x0000000008007fe4                _strtol_r
 .text.strtol   0x00000000080080f8       0x18 /Users/maticknap/ARM/gcc-arm-none-eabi-4_8-2014q2/bin/../lib/gcc/arm-none-eabi/4.8.4/../../../../arm-none-eabi/lib/armv7e-m/softfp/libc.a(lib_a-strtol.o)
                0x00000000080080f8                strtol
 .text.startup.register_fini
                0x0000000008008110       0x14 /Users/maticknap/ARM/gcc-arm-none-eabi-4_8-2014q2/bin/../lib/gcc/arm-none-eabi/4.8.4/../../../../arm-none-eabi/lib/armv7e-m/softfp/libc.a(lib_a-__call_atexit.o)
 .text.atexit   0x0000000008008124        0xc /Users/maticknap/ARM/gcc-arm-none-eabi-4_8-2014q2/bin/../lib/gcc/arm-none-eabi/4.8.4/../../../../arm-none-eabi/lib/armv7e-m/softfp/libc.a(lib_a-atexit.o)
                0x0000000008008124                atexit
 .text.__libc_fini_array
                0x0000000008008130       0x30 /Users/maticknap/ARM/gcc-arm-none-eabi-4_8-2014q2/bin/../lib/gcc/arm-none-eabi/4.8.4/../../../../arm-none-eabi/lib/armv7e-m/softfp/libc.a(lib_a-fini.o)
                0x0000000008008130                __libc_fini_array
 .text.__register_exitproc
                0x0000000008008160       0xa8 /Users/maticknap/ARM/gcc-arm-none-eabi-4_8-2014q2/bin/../lib/gcc/arm-none-eabi/4.8.4/../../../../arm-none-eabi/lib/armv7e-m/softfp/libc.a(lib_a-__atexit.o)
                0x0000000008008160                __register_exitproc
 *(.rodata)
 .rodata        0x0000000008008208       0x14 obj/App/STM32F4-Discovery/W5200.o
 .rodata        0x000000000800821c      0x144 obj/App/STM32F4-Discovery/tcpCLI.o
 .rodata        0x0000000008008360        0x8 obj/App/STM32F4-Discovery/printf-stdarg.o
 .rodata        0x0000000008008368       0x7c obj/App/STM32F4-Discovery/main.o
 .rodata        0x00000000080083e4        0x8 obj/Source/tasks.o
 .rodata        0x00000000080083ec        0x8 obj/Source/timers.o
 .rodata        0x00000000080083f4       0xe0 obj/Source/FreeRTOS-Plus-CLI/FreeRTOS_CLI.o
 .rodata        0x00000000080084d4       0x48 obj/App/STM32F4-Discovery/Libraries/STM32F4xx_StdPeriph_Driver/src/misc.o
 .rodata        0x000000000800851c       0x50 obj/App/STM32F4-Discovery/Libraries/STM32F4xx_StdPeriph_Driver/src/stm32f4xx_dma.o
 .rodata        0x000000000800856c       0x50 obj/App/STM32F4-Discovery/Libraries/STM32F4xx_StdPeriph_Driver/src/stm32f4xx_exti.o
 .rodata        0x00000000080085bc       0x50 obj/App/STM32F4-Discovery/Libraries/STM32F4xx_StdPeriph_Driver/src/stm32f4xx_gpio.o
 .rodata        0x000000000800860c       0x50 obj/App/STM32F4-Discovery/Libraries/STM32F4xx_StdPeriph_Driver/src/stm32f4xx_rcc.o
 .rodata        0x000000000800865c       0x50 obj/App/STM32F4-Discovery/Libraries/STM32F4xx_StdPeriph_Driver/src/stm32f4xx_spi.o
 .rodata        0x00000000080086ac       0x54 obj/App/STM32F4-Discovery/Libraries/STM32F4xx_StdPeriph_Driver/src/stm32f4xx_syscfg.o
 .rodata        0x0000000008008700       0x54 obj/App/STM32F4-Discovery/Libraries/STM32F4xx_StdPeriph_Driver/src/stm32f4xx_usart.o
 *(.rodata*)
 .rodata.table_crc_hi
                0x0000000008008754      0x100 obj/App/STM32F4-Discovery/modbus_mk.o
 .rodata.table_crc_lo
                0x0000000008008854      0x100 obj/App/STM32F4-Discovery/modbus_mk.o
 .rodata.xMotorCommand
                0x0000000008008954       0x10 obj/App/STM32F4-Discovery/main.o
 .rodata.ucExpectedStackBytes.8478
                0x0000000008008964       0x14 obj/Source/tasks.o
 .rodata.xHelpCommand
                0x0000000008008978       0x10 obj/Source/FreeRTOS-Plus-CLI/FreeRTOS_CLI.o
 .rodata.str1.4
                0x0000000008008988        0x4 /Users/maticknap/ARM/gcc-arm-none-eabi-4_8-2014q2/bin/../lib/gcc/arm-none-eabi/4.8.4/../../../../arm-none-eabi/lib/armv7e-m/softfp/libc.a(lib_a-impure.o)
 .rodata._global_impure_ptr
                0x000000000800898c        0x4 /Users/maticknap/ARM/gcc-arm-none-eabi-4_8-2014q2/bin/../lib/gcc/arm-none-eabi/4.8.4/../../../../arm-none-eabi/lib/armv7e-m/softfp/libc.a(lib_a-impure.o)
                0x000000000800898c                _global_impure_ptr
 .rodata._ctype_
                0x0000000008008990      0x104 /Users/maticknap/ARM/gcc-arm-none-eabi-4_8-2014q2/bin/../lib/gcc/arm-none-eabi/4.8.4/../../../../arm-none-eabi/lib/armv7e-m/softfp/libc.a(lib_a-ctype_.o)
                0x0000000008008990                _ctype_
 *(.glue_7)
 .glue_7        0x0000000000000000        0x0 linker stubs
 *(.glue_7t)
 .glue_7t       0x0000000000000000        0x0 linker stubs
 *(.eh_frame)
 .eh_frame      0x0000000008008a94        0x0 /Users/maticknap/ARM/gcc-arm-none-eabi-4_8-2014q2/bin/../lib/gcc/arm-none-eabi/4.8.4/armv7e-m/softfp/crtbegin.o
 *(.init)
 .init          0x0000000008008a94        0x4 /Users/maticknap/ARM/gcc-arm-none-eabi-4_8-2014q2/bin/../lib/gcc/arm-none-eabi/4.8.4/armv7e-m/softfp/crti.o
                0x0000000008008a94                _init
 .init          0x0000000008008a98        0x8 /Users/maticknap/ARM/gcc-arm-none-eabi-4_8-2014q2/bin/../lib/gcc/arm-none-eabi/4.8.4/armv7e-m/softfp/crtn.o
 *(.fini)
 .fini          0x0000000008008aa0        0x4 /Users/maticknap/ARM/gcc-arm-none-eabi-4_8-2014q2/bin/../lib/gcc/arm-none-eabi/4.8.4/armv7e-m/softfp/crti.o
                0x0000000008008aa0                _fini
 .fini          0x0000000008008aa4        0x8 /Users/maticknap/ARM/gcc-arm-none-eabi-4_8-2014q2/bin/../lib/gcc/arm-none-eabi/4.8.4/armv7e-m/softfp/crtn.o
                0x0000000008008aac                . = ALIGN (0x4)
                0x0000000008008aac                _etext = .

.vfp11_veneer   0x0000000008008aac        0x0
 .vfp11_veneer  0x0000000000000000        0x0 linker stubs

.v4_bx          0x0000000008008aac        0x0
 .v4_bx         0x0000000000000000        0x0 linker stubs

.iplt           0x0000000008008aac        0x0
 .iplt          0x0000000000000000        0x0 /Users/maticknap/ARM/gcc-arm-none-eabi-4_8-2014q2/bin/../lib/gcc/arm-none-eabi/4.8.4/armv7e-m/softfp/crtbegin.o

.rel.dyn        0x0000000008008aac        0x0
 .rel.iplt      0x0000000000000000        0x0 /Users/maticknap/ARM/gcc-arm-none-eabi-4_8-2014q2/bin/../lib/gcc/arm-none-eabi/4.8.4/armv7e-m/softfp/crtbegin.o

.ARM.extab
 *(.ARM.extab* .gnu.linkonce.armextab.*)

.ARM            0x0000000008008aac        0x0
                0x0000000008008aac                __exidx_start = .
 *(.ARM.exidx*)
                0x0000000008008aac                __exidx_end = .

.preinit_array  0x0000000008008aac        0x0
                0x0000000008008aac                PROVIDE (__preinit_array_start, .)
 *(.preinit_array*)
                0x0000000008008aac                PROVIDE (__preinit_array_end, .)

.init_array     0x0000000008008aac        0x8
                0x0000000008008aac                PROVIDE (__init_array_start, .)
 *(SORT(.init_array.*))
 .init_array.00000
                0x0000000008008aac        0x4 /Users/maticknap/ARM/gcc-arm-none-eabi-4_8-2014q2/bin/../lib/gcc/arm-none-eabi/4.8.4/../../../../arm-none-eabi/lib/armv7e-m/softfp/libc.a(lib_a-__call_atexit.o)
 *(.init_array*)
 .init_array    0x0000000008008ab0        0x4 /Users/maticknap/ARM/gcc-arm-none-eabi-4_8-2014q2/bin/../lib/gcc/arm-none-eabi/4.8.4/armv7e-m/softfp/crtbegin.o
                0x0000000008008ab4                PROVIDE (__init_array_end, .)

.fini_array     0x0000000008008ab4        0x4
                0x0000000008008ab4                PROVIDE (__fini_array_start, .)
 *(.fini_array*)
 .fini_array    0x0000000008008ab4        0x4 /Users/maticknap/ARM/gcc-arm-none-eabi-4_8-2014q2/bin/../lib/gcc/arm-none-eabi/4.8.4/armv7e-m/softfp/crtbegin.o
 *(SORT(.fini_array.*))
                0x0000000008008ab8                PROVIDE (__fini_array_end, .)
                0x0000000008008ab8                _sidata = .

.data           0x0000000020000000      0x460 load address 0x0000000008008ab8
                0x0000000020000000                . = ALIGN (0x4)
                0x0000000020000000                _sdata = .
 *(.data)
 *(.data*)
 .data.xDelay   0x0000000020000000        0x4 obj/App/STM32F4-Discovery/tcpCLI.o
 .data.SystemCoreClock
                0x0000000020000004        0x4 obj/App/STM32F4-Discovery/startup/system_stm32f4xx.o
                0x0000000020000004                SystemCoreClock
 .data.xNextTaskUnblockTime
                0x0000000020000008        0x4 obj/Source/tasks.o
 .data.uxCriticalNesting
                0x000000002000000c        0x4 obj/Source/portable/GCC/ARM_CM4F/port.o
 .data.xRegisteredCommands
                0x0000000020000010        0x8 obj/Source/FreeRTOS-Plus-CLI/FreeRTOS_CLI.o
 .data.pxLastCommandInList.7899
                0x0000000020000018        0x4 obj/Source/FreeRTOS-Plus-CLI/FreeRTOS_CLI.o
 .data.xFreeBytesRemaining
                0x000000002000001c        0x4 obj/Source/portable/MemMang/heap_4.o
 .data.APBAHBPrescTable
                0x0000000020000020       0x10 obj/App/STM32F4-Discovery/Libraries/STM32F4xx_StdPeriph_Driver/src/stm32f4xx_rcc.o
 .data.impure_data
                0x0000000020000030      0x428 /Users/maticknap/ARM/gcc-arm-none-eabi-4_8-2014q2/bin/../lib/gcc/arm-none-eabi/4.8.4/../../../../arm-none-eabi/lib/armv7e-m/softfp/libc.a(lib_a-impure.o)
 .data._impure_ptr
                0x0000000020000458        0x4 /Users/maticknap/ARM/gcc-arm-none-eabi-4_8-2014q2/bin/../lib/gcc/arm-none-eabi/4.8.4/../../../../arm-none-eabi/lib/armv7e-m/softfp/libc.a(lib_a-impure.o)
                0x0000000020000458                _impure_ptr
 .data.__ctype_ptr__
                0x000000002000045c        0x4 /Users/maticknap/ARM/gcc-arm-none-eabi-4_8-2014q2/bin/../lib/gcc/arm-none-eabi/4.8.4/../../../../arm-none-eabi/lib/armv7e-m/softfp/libc.a(lib_a-ctype_.o)
                0x000000002000045c                __ctype_ptr__
                0x0000000020000460                . = ALIGN (0x4)
                0x0000000020000460                _edata = .

.jcr            0x0000000020000460        0x0 load address 0x0000000008008f18
 .jcr           0x0000000020000460        0x0 /Users/maticknap/ARM/gcc-arm-none-eabi-4_8-2014q2/bin/../lib/gcc/arm-none-eabi/4.8.4/armv7e-m/softfp/crtbegin.o

.igot.plt       0x0000000020000460        0x0 load address 0x0000000008008f18
 .igot.plt      0x0000000000000000        0x0 /Users/maticknap/ARM/gcc-arm-none-eabi-4_8-2014q2/bin/../lib/gcc/arm-none-eabi/4.8.4/armv7e-m/softfp/crtbegin.o
                0x0000000020000460                . = ALIGN (0x4)

.bss            0x0000000020000460    0x13dfc load address 0x0000000008008f18
                0x0000000020000460                _sbss = .
                0x0000000020000460                __bss_start__ = _sbss
 *(.bss)
 .bss           0x0000000020000460       0x1c /Users/maticknap/ARM/gcc-arm-none-eabi-4_8-2014q2/bin/../lib/gcc/arm-none-eabi/4.8.4/armv7e-m/softfp/crtbegin.o
 *(.bss*)
 .bss.xHigherPriorityTaskWoken
                0x000000002000047c        0x4 obj/App/STM32F4-Discovery/spi.o
 .bss.socket_flg
                0x0000000020000480        0x8 obj/App/STM32F4-Discovery/W5200.o
 .bss.xHigherPriorityTaskWoken_usart
                0x0000000020000488        0x4 obj/App/STM32F4-Discovery/modbus_mk.o
 .bss.cnt.9306  0x000000002000048c        0x1 obj/App/STM32F4-Discovery/modbus_mk.o
 *fill*         0x000000002000048d        0x3 
 .bss.ulFPUInterruptNesting
                0x0000000020000490        0x4 obj/App/STM32F4-Discovery/main.o
                0x0000000020000490                ulFPUInterruptNesting
 .bss.ulMaxFPUInterruptNesting
                0x0000000020000494        0x4 obj/App/STM32F4-Discovery/main.o
                0x0000000020000494                ulMaxFPUInterruptNesting
 .bss.pxCurrentTCB
                0x0000000020000498        0x4 obj/Source/tasks.o
                0x0000000020000498                pxCurrentTCB
 .bss.pxReadyTasksLists
                0x000000002000049c       0x64 obj/Source/tasks.o
 .bss.xDelayedTaskList1
                0x0000000020000500       0x14 obj/Source/tasks.o
 .bss.xDelayedTaskList2
                0x0000000020000514       0x14 obj/Source/tasks.o
 .bss.pxDelayedTaskList
                0x0000000020000528        0x4 obj/Source/tasks.o
 .bss.pxOverflowDelayedTaskList
                0x000000002000052c        0x4 obj/Source/tasks.o
 .bss.xPendingReadyList
                0x0000000020000530       0x14 obj/Source/tasks.o
 .bss.xTasksWaitingTermination
                0x0000000020000544       0x14 obj/Source/tasks.o
 .bss.uxTasksDeleted
                0x0000000020000558        0x4 obj/Source/tasks.o
 .bss.xSuspendedTaskList
                0x000000002000055c       0x14 obj/Source/tasks.o
 .bss.uxCurrentNumberOfTasks
                0x0000000020000570        0x4 obj/Source/tasks.o
 .bss.xTickCount
                0x0000000020000574        0x4 obj/Source/tasks.o
 .bss.uxTopReadyPriority
                0x0000000020000578        0x4 obj/Source/tasks.o
 .bss.xSchedulerRunning
                0x000000002000057c        0x4 obj/Source/tasks.o
 .bss.uxSchedulerSuspended
                0x0000000020000580        0x4 obj/Source/tasks.o
 .bss.uxPendedTicks
                0x0000000020000584        0x4 obj/Source/tasks.o
 .bss.xYieldPending
                0x0000000020000588        0x4 obj/Source/tasks.o
 .bss.xNumOfOverflows
                0x000000002000058c        0x4 obj/Source/tasks.o
 .bss.uxTaskNumber
                0x0000000020000590        0x4 obj/Source/tasks.o
 .bss.ucMaxSysCallPriority
                0x0000000020000594        0x1 obj/Source/portable/GCC/ARM_CM4F/port.o
 *fill*         0x0000000020000595        0x3 
 .bss.ulMaxPRIGROUPValue
                0x0000000020000598        0x4 obj/Source/portable/GCC/ARM_CM4F/port.o
 .bss.xActiveTimerList1
                0x000000002000059c       0x14 obj/Source/timers.o
 .bss.xActiveTimerList2
                0x00000000200005b0       0x14 obj/Source/timers.o
 .bss.pxCurrentTimerList
                0x00000000200005c4        0x4 obj/Source/timers.o
 .bss.pxOverflowTimerList
                0x00000000200005c8        0x4 obj/Source/timers.o
 .bss.xTimerQueue
                0x00000000200005cc        0x4 obj/Source/timers.o
 .bss.xLastTime.8311
                0x00000000200005d0        0x4 obj/Source/timers.o
 .bss.pxCommand.7909
                0x00000000200005d4        0x4 obj/Source/FreeRTOS-Plus-CLI/FreeRTOS_CLI.o
 .bss.pxCommand.7943
                0x00000000200005d8        0x4 obj/Source/FreeRTOS-Plus-CLI/FreeRTOS_CLI.o
 .bss.ucHeap    0x00000000200005dc    0x12c00 obj/Source/portable/MemMang/heap_4.o
 .bss.xStart    0x00000000200131dc        0x8 obj/Source/portable/MemMang/heap_4.o
 .bss.pxEnd     0x00000000200131e4        0x4 obj/Source/portable/MemMang/heap_4.o
 .bss.xBlockAllocatedBit
                0x00000000200131e8        0x4 obj/Source/portable/MemMang/heap_4.o
 *(COMMON)
 COMMON         0x00000000200131ec      0xfcc obj/App/STM32F4-Discovery/spi.o
                0x00000000200131ec                xSemaphoreDMASPI
                0x00000000200131f0                motorHBHandle
                0x00000000200131f4                socket_0
                0x00000000200131f8                QSpd_handle
                0x00000000200131fc                bufferRXidx
                0x0000000020013200                bufferRX
                0x00000000200139d0                motorHeartBeatHandle
                0x00000000200139d4                dat_lengthRX
                0x00000000200139d8                bufferTX
                0x00000000200141a8                xSmphrUSART
                0x00000000200141ac                bufferTXidx
                0x00000000200141b0                QStatus_handle
                0x00000000200141b4                dat_lengthTX
 COMMON         0x00000000200141b8        0x4 obj/App/STM32F4-Discovery/W5200.o
                0x00000000200141b8                set_macTaskHandle
 COMMON         0x00000000200141bc       0x9d obj/App/STM32F4-Discovery/modbus_mk.o
                0x00000000200141bc                fd
                0x00000000200141c0                input_Register
                0x00000000200141d4                rx_length
                0x00000000200141d8                received_string
                0x000000002001425c                . = ALIGN (0x4)
 *fill*         0x0000000020014259        0x3 
                0x000000002001425c                _ebss = .
                0x000000002001425c                __bss_end__ = _ebss

._user_heap_stack
                0x000000002001425c      0x400 load address 0x000000000801cd14
                0x000000002001425c                . = ALIGN (0x4)
                0x000000002001425c                PROVIDE (end, .)
                0x000000002001425c                PROVIDE (_end, .)
                0x000000002001425c                . = (. + _Min_Heap_Size)
                0x000000002001465c                . = (. + _Min_Stack_Size)
 *fill*         0x000000002001425c      0x400 
                0x000000002001465c                . = ALIGN (0x4)

.memory_b1_text
 *(.mb1text)
 *(.mb1text*)
 *(.mb1rodata)
 *(.mb1rodata*)

/DISCARD/
 libc.a(*)
 libm.a(*)
 libgcc.a(*)

.ARM.attributes
                0x0000000000000000       0x2e
 *(.ARM.attributes)
 .ARM.attributes
                0x0000000000000000       0x22 /Users/maticknap/ARM/gcc-arm-none-eabi-4_8-2014q2/bin/../lib/gcc/arm-none-eabi/4.8.4/armv7e-m/softfp/crti.o
 .ARM.attributes
                0x0000000000000022       0x32 /Users/maticknap/ARM/gcc-arm-none-eabi-4_8-2014q2/bin/../lib/gcc/arm-none-eabi/4.8.4/armv7e-m/softfp/crtbegin.o
 .ARM.attributes
                0x0000000000000054       0x37 obj/App/STM32F4-Discovery/spi.o
 .ARM.attributes
                0x000000000000008b       0x37 obj/App/STM32F4-Discovery/W5200.o
 .ARM.attributes
                0x00000000000000c2       0x37 obj/App/STM32F4-Discovery/modbus_mk.o
 .ARM.attributes
                0x00000000000000f9       0x37 obj/App/STM32F4-Discovery/tcpCLI.o
 .ARM.attributes
                0x0000000000000130       0x37 obj/App/STM32F4-Discovery/printf-stdarg.o
 .ARM.attributes
                0x0000000000000167       0x37 obj/App/STM32F4-Discovery/main.o
 .ARM.attributes
                0x000000000000019e       0x21 obj/App/STM32F4-Discovery/startup/startup_stm32f4xx.o
 .ARM.attributes
                0x00000000000001bf       0x37 obj/App/STM32F4-Discovery/startup/system_stm32f4xx.o
 .ARM.attributes
                0x00000000000001f6       0x37 obj/Source/tasks.o
 .ARM.attributes
                0x000000000000022d       0x37 obj/Source/queue.o
 .ARM.attributes
                0x0000000000000264       0x37 obj/Source/list.o
 .ARM.attributes
                0x000000000000029b       0x37 obj/Source/portable/GCC/ARM_CM4F/port.o
 .ARM.attributes
                0x00000000000002d2       0x37 obj/Source/timers.o
 .ARM.attributes
                0x0000000000000309       0x37 obj/Source/FreeRTOS-Plus-CLI/FreeRTOS_CLI.o
 .ARM.attributes
                0x0000000000000340       0x37 obj/Source/portable/MemMang/heap_4.o
 .ARM.attributes
                0x0000000000000377       0x37 obj/App/STM32F4-Discovery/Libraries/STM32F4xx_StdPeriph_Driver/src/misc.o
 .ARM.attributes
                0x00000000000003ae       0x37 obj/App/STM32F4-Discovery/Libraries/STM32F4xx_StdPeriph_Driver/src/stm32f4xx_dma.o
 .ARM.attributes
                0x00000000000003e5       0x37 obj/App/STM32F4-Discovery/Libraries/STM32F4xx_StdPeriph_Driver/src/stm32f4xx_exti.o
 .ARM.attributes
                0x000000000000041c       0x37 obj/App/STM32F4-Discovery/Libraries/STM32F4xx_StdPeriph_Driver/src/stm32f4xx_gpio.o
 .ARM.attributes
                0x0000000000000453       0x37 obj/App/STM32F4-Discovery/Libraries/STM32F4xx_StdPeriph_Driver/src/stm32f4xx_rcc.o
 .ARM.attributes
                0x000000000000048a       0x37 obj/App/STM32F4-Discovery/Libraries/STM32F4xx_StdPeriph_Driver/src/stm32f4xx_spi.o
 .ARM.attributes
                0x00000000000004c1       0x37 obj/App/STM32F4-Discovery/Libraries/STM32F4xx_StdPeriph_Driver/src/stm32f4xx_syscfg.o
 .ARM.attributes
                0x00000000000004f8       0x37 obj/App/STM32F4-Discovery/Libraries/STM32F4xx_StdPeriph_Driver/src/stm32f4xx_usart.o
 .ARM.attributes
                0x000000000000052f       0x32 /Users/maticknap/ARM/gcc-arm-none-eabi-4_8-2014q2/bin/../lib/gcc/arm-none-eabi/4.8.4/../../../../arm-none-eabi/lib/armv7e-m/softfp/libc.a(lib_a-atoi.o)
 .ARM.attributes
                0x0000000000000561       0x32 /Users/maticknap/ARM/gcc-arm-none-eabi-4_8-2014q2/bin/../lib/gcc/arm-none-eabi/4.8.4/../../../../arm-none-eabi/lib/armv7e-m/softfp/libc.a(lib_a-impure.o)
 .ARM.attributes
                0x0000000000000593       0x32 /Users/maticknap/ARM/gcc-arm-none-eabi-4_8-2014q2/bin/../lib/gcc/arm-none-eabi/4.8.4/../../../../arm-none-eabi/lib/armv7e-m/softfp/libc.a(lib_a-init.o)
 .ARM.attributes
                0x00000000000005c5       0x32 /Users/maticknap/ARM/gcc-arm-none-eabi-4_8-2014q2/bin/../lib/gcc/arm-none-eabi/4.8.4/../../../../arm-none-eabi/lib/armv7e-m/softfp/libc.a(lib_a-memcmp.o)
 .ARM.attributes
                0x00000000000005f7       0x20 /Users/maticknap/ARM/gcc-arm-none-eabi-4_8-2014q2/bin/../lib/gcc/arm-none-eabi/4.8.4/../../../../arm-none-eabi/lib/armv7e-m/softfp/libc.a(lib_a-memcpy.o)
 .ARM.attributes
                0x0000000000000617       0x32 /Users/maticknap/ARM/gcc-arm-none-eabi-4_8-2014q2/bin/../lib/gcc/arm-none-eabi/4.8.4/../../../../arm-none-eabi/lib/armv7e-m/softfp/libc.a(lib_a-memset.o)
 .ARM.attributes
                0x0000000000000649       0x32 /Users/maticknap/ARM/gcc-arm-none-eabi-4_8-2014q2/bin/../lib/gcc/arm-none-eabi/4.8.4/../../../../arm-none-eabi/lib/armv7e-m/softfp/libc.a(lib_a-strlen.o)
 .ARM.attributes
                0x000000000000067b       0x32 /Users/maticknap/ARM/gcc-arm-none-eabi-4_8-2014q2/bin/../lib/gcc/arm-none-eabi/4.8.4/../../../../arm-none-eabi/lib/armv7e-m/softfp/libc.a(lib_a-strncmp.o)
 .ARM.attributes
                0x00000000000006ad       0x32 /Users/maticknap/ARM/gcc-arm-none-eabi-4_8-2014q2/bin/../lib/gcc/arm-none-eabi/4.8.4/../../../../arm-none-eabi/lib/armv7e-m/softfp/libc.a(lib_a-strncpy.o)
 .ARM.attributes
                0x00000000000006df       0x32 /Users/maticknap/ARM/gcc-arm-none-eabi-4_8-2014q2/bin/../lib/gcc/arm-none-eabi/4.8.4/../../../../arm-none-eabi/lib/armv7e-m/softfp/libc.a(lib_a-strtol.o)
 .ARM.attributes
                0x0000000000000711       0x32 /Users/maticknap/ARM/gcc-arm-none-eabi-4_8-2014q2/bin/../lib/gcc/arm-none-eabi/4.8.4/../../../../arm-none-eabi/lib/armv7e-m/softfp/libc.a(lib_a-__call_atexit.o)
 .ARM.attributes
                0x0000000000000743       0x32 /Users/maticknap/ARM/gcc-arm-none-eabi-4_8-2014q2/bin/../lib/gcc/arm-none-eabi/4.8.4/../../../../arm-none-eabi/lib/armv7e-m/softfp/libc.a(lib_a-atexit.o)
 .ARM.attributes
                0x0000000000000775       0x32 /Users/maticknap/ARM/gcc-arm-none-eabi-4_8-2014q2/bin/../lib/gcc/arm-none-eabi/4.8.4/../../../../arm-none-eabi/lib/armv7e-m/softfp/libc.a(lib_a-ctype_.o)
 .ARM.attributes
                0x00000000000007a7       0x32 /Users/maticknap/ARM/gcc-arm-none-eabi-4_8-2014q2/bin/../lib/gcc/arm-none-eabi/4.8.4/../../../../arm-none-eabi/lib/armv7e-m/softfp/libc.a(lib_a-fini.o)
 .ARM.attributes
                0x00000000000007d9       0x32 /Users/maticknap/ARM/gcc-arm-none-eabi-4_8-2014q2/bin/../lib/gcc/arm-none-eabi/4.8.4/../../../../arm-none-eabi/lib/armv7e-m/softfp/libc.a(lib_a-__atexit.o)
 .ARM.attributes
                0x000000000000080b       0x22 /Users/maticknap/ARM/gcc-arm-none-eabi-4_8-2014q2/bin/../lib/gcc/arm-none-eabi/4.8.4/armv7e-m/softfp/crtn.o
OUTPUT(obj/STM32F4_Test.elf elf32-littlearm)

.debug_info     0x0000000000000000     0xb7a0
 .debug_info    0x0000000000000000      0xd00 obj/App/STM32F4-Discovery/spi.o
 .debug_info    0x0000000000000d00      0xc15 obj/App/STM32F4-Discovery/W5200.o
 .debug_info    0x0000000000001915      0xfdf obj/App/STM32F4-Discovery/modbus_mk.o
 .debug_info    0x00000000000028f4      0x9c2 obj/App/STM32F4-Discovery/tcpCLI.o
 .debug_info    0x00000000000032b6      0x3f6 obj/App/STM32F4-Discovery/printf-stdarg.o
 .debug_info    0x00000000000036ac      0x9b0 obj/App/STM32F4-Discovery/main.o
 .debug_info    0x000000000000405c      0x625 obj/App/STM32F4-Discovery/startup/system_stm32f4xx.o
 .debug_info    0x0000000000004681     0x1196 obj/Source/tasks.o
 .debug_info    0x0000000000005817      0xc05 obj/Source/queue.o
 .debug_info    0x000000000000641c      0x2d7 obj/Source/list.o
 .debug_info    0x00000000000066f3      0x379 obj/Source/portable/GCC/ARM_CM4F/port.o
 .debug_info    0x0000000000006a6c      0x78b obj/Source/timers.o
 .debug_info    0x00000000000071f7      0x418 obj/Source/FreeRTOS-Plus-CLI/FreeRTOS_CLI.o
 .debug_info    0x000000000000760f      0x30d obj/Source/portable/MemMang/heap_4.o
 .debug_info    0x000000000000791c      0x5b7 obj/App/STM32F4-Discovery/Libraries/STM32F4xx_StdPeriph_Driver/src/misc.o
 .debug_info    0x0000000000007ed3      0x7ea obj/App/STM32F4-Discovery/Libraries/STM32F4xx_StdPeriph_Driver/src/stm32f4xx_dma.o
 .debug_info    0x00000000000086bd      0x3b9 obj/App/STM32F4-Discovery/Libraries/STM32F4xx_StdPeriph_Driver/src/stm32f4xx_exti.o
 .debug_info    0x0000000000008a76      0x670 obj/App/STM32F4-Discovery/Libraries/STM32F4xx_StdPeriph_Driver/src/stm32f4xx_gpio.o
 .debug_info    0x00000000000090e6      0xd79 obj/App/STM32F4-Discovery/Libraries/STM32F4xx_StdPeriph_Driver/src/stm32f4xx_rcc.o
 .debug_info    0x0000000000009e5f      0xc0e obj/App/STM32F4-Discovery/Libraries/STM32F4xx_StdPeriph_Driver/src/stm32f4xx_spi.o
 .debug_info    0x000000000000aa6d      0x29e obj/App/STM32F4-Discovery/Libraries/STM32F4xx_StdPeriph_Driver/src/stm32f4xx_syscfg.o
 .debug_info    0x000000000000ad0b      0xa95 obj/App/STM32F4-Discovery/Libraries/STM32F4xx_StdPeriph_Driver/src/stm32f4xx_usart.o

.debug_abbrev   0x0000000000000000     0x246f
 .debug_abbrev  0x0000000000000000      0x1c7 obj/App/STM32F4-Discovery/spi.o
 .debug_abbrev  0x00000000000001c7      0x264 obj/App/STM32F4-Discovery/W5200.o
 .debug_abbrev  0x000000000000042b      0x244 obj/App/STM32F4-Discovery/modbus_mk.o
 .debug_abbrev  0x000000000000066f      0x196 obj/App/STM32F4-Discovery/tcpCLI.o
 .debug_abbrev  0x0000000000000805      0x14c obj/App/STM32F4-Discovery/printf-stdarg.o
 .debug_abbrev  0x0000000000000951      0x262 obj/App/STM32F4-Discovery/main.o
 .debug_abbrev  0x0000000000000bb3      0x13a obj/App/STM32F4-Discovery/startup/system_stm32f4xx.o
 .debug_abbrev  0x0000000000000ced      0x232 obj/Source/tasks.o
 .debug_abbrev  0x0000000000000f1f      0x1dc obj/Source/queue.o
 .debug_abbrev  0x00000000000010fb       0xda obj/Source/list.o
 .debug_abbrev  0x00000000000011d5      0x1e0 obj/Source/portable/GCC/ARM_CM4F/port.o
 .debug_abbrev  0x00000000000013b5      0x188 obj/Source/timers.o
 .debug_abbrev  0x000000000000153d      0x165 obj/Source/FreeRTOS-Plus-CLI/FreeRTOS_CLI.o
 .debug_abbrev  0x00000000000016a2      0x1b3 obj/Source/portable/MemMang/heap_4.o
 .debug_abbrev  0x0000000000001855      0x12b obj/App/STM32F4-Discovery/Libraries/STM32F4xx_StdPeriph_Driver/src/misc.o
 .debug_abbrev  0x0000000000001980      0x173 obj/App/STM32F4-Discovery/Libraries/STM32F4xx_StdPeriph_Driver/src/stm32f4xx_dma.o
 .debug_abbrev  0x0000000000001af3      0x1c3 obj/App/STM32F4-Discovery/Libraries/STM32F4xx_StdPeriph_Driver/src/stm32f4xx_exti.o
 .debug_abbrev  0x0000000000001cb6      0x1a7 obj/App/STM32F4-Discovery/Libraries/STM32F4xx_StdPeriph_Driver/src/stm32f4xx_gpio.o
 .debug_abbrev  0x0000000000001e5d      0x1e5 obj/App/STM32F4-Discovery/Libraries/STM32F4xx_StdPeriph_Driver/src/stm32f4xx_rcc.o
 .debug_abbrev  0x0000000000002042      0x185 obj/App/STM32F4-Discovery/Libraries/STM32F4xx_StdPeriph_Driver/src/stm32f4xx_spi.o
 .debug_abbrev  0x00000000000021c7      0x135 obj/App/STM32F4-Discovery/Libraries/STM32F4xx_StdPeriph_Driver/src/stm32f4xx_syscfg.o
 .debug_abbrev  0x00000000000022fc      0x173 obj/App/STM32F4-Discovery/Libraries/STM32F4xx_StdPeriph_Driver/src/stm32f4xx_usart.o

.debug_loc      0x0000000000000000     0x472b
 .debug_loc     0x0000000000000000      0x1aa obj/App/STM32F4-Discovery/spi.o
 .debug_loc     0x00000000000001aa      0x570 obj/App/STM32F4-Discovery/W5200.o
 .debug_loc     0x000000000000071a      0x2ac obj/App/STM32F4-Discovery/modbus_mk.o
 .debug_loc     0x00000000000009c6       0xc6 obj/App/STM32F4-Discovery/tcpCLI.o
 .debug_loc     0x0000000000000a8c      0x1e7 obj/App/STM32F4-Discovery/printf-stdarg.o
 .debug_loc     0x0000000000000c73      0x22c obj/App/STM32F4-Discovery/main.o
 .debug_loc     0x0000000000000e9f       0x9c obj/App/STM32F4-Discovery/startup/system_stm32f4xx.o
 .debug_loc     0x0000000000000f3b      0x8c8 obj/Source/tasks.o
 .debug_loc     0x0000000000001803      0x620 obj/Source/queue.o
 .debug_loc     0x0000000000001e23      0x118 obj/Source/list.o
 .debug_loc     0x0000000000001f3b      0x1dc obj/Source/portable/GCC/ARM_CM4F/port.o
 .debug_loc     0x0000000000002117      0x304 obj/Source/timers.o
 .debug_loc     0x000000000000241b      0x144 obj/Source/FreeRTOS-Plus-CLI/FreeRTOS_CLI.o
 .debug_loc     0x000000000000255f      0x138 obj/Source/portable/MemMang/heap_4.o
 .debug_loc     0x0000000000002697      0x118 obj/App/STM32F4-Discovery/Libraries/STM32F4xx_StdPeriph_Driver/src/misc.o
 .debug_loc     0x00000000000027af      0x428 obj/App/STM32F4-Discovery/Libraries/STM32F4xx_StdPeriph_Driver/src/stm32f4xx_dma.o
 .debug_loc     0x0000000000002bd7      0x1b4 obj/App/STM32F4-Discovery/Libraries/STM32F4xx_StdPeriph_Driver/src/stm32f4xx_exti.o
 .debug_loc     0x0000000000002d8b      0x310 obj/App/STM32F4-Discovery/Libraries/STM32F4xx_StdPeriph_Driver/src/stm32f4xx_gpio.o
 .debug_loc     0x000000000000309b      0x97c obj/App/STM32F4-Discovery/Libraries/STM32F4xx_StdPeriph_Driver/src/stm32f4xx_rcc.o
 .debug_loc     0x0000000000003a17      0x578 obj/App/STM32F4-Discovery/Libraries/STM32F4xx_StdPeriph_Driver/src/stm32f4xx_spi.o
 .debug_loc     0x0000000000003f8f      0x144 obj/App/STM32F4-Discovery/Libraries/STM32F4xx_StdPeriph_Driver/src/stm32f4xx_syscfg.o
 .debug_loc     0x00000000000040d3      0x658 obj/App/STM32F4-Discovery/Libraries/STM32F4xx_StdPeriph_Driver/src/stm32f4xx_usart.o

.debug_aranges  0x0000000000000000      0xc90
 .debug_aranges
                0x0000000000000000       0x58 obj/App/STM32F4-Discovery/spi.o
 .debug_aranges
                0x0000000000000058       0xe0 obj/App/STM32F4-Discovery/W5200.o
 .debug_aranges
                0x0000000000000138       0x78 obj/App/STM32F4-Discovery/modbus_mk.o
 .debug_aranges
                0x00000000000001b0       0x30 obj/App/STM32F4-Discovery/tcpCLI.o
 .debug_aranges
                0x00000000000001e0       0x58 obj/App/STM32F4-Discovery/printf-stdarg.o
 .debug_aranges
                0x0000000000000238       0x70 obj/App/STM32F4-Discovery/main.o
 .debug_aranges
                0x00000000000002a8       0x30 obj/App/STM32F4-Discovery/startup/system_stm32f4xx.o
 .debug_aranges
                0x00000000000002d8      0x160 obj/Source/tasks.o
 .debug_aranges
                0x0000000000000438       0xf8 obj/Source/queue.o
 .debug_aranges
                0x0000000000000530       0x40 obj/Source/list.o
 .debug_aranges
                0x0000000000000570       0x98 obj/Source/portable/GCC/ARM_CM4F/port.o
 .debug_aranges
                0x0000000000000608       0x88 obj/Source/timers.o
 .debug_aranges
                0x0000000000000690       0x48 obj/Source/FreeRTOS-Plus-CLI/FreeRTOS_CLI.o
 .debug_aranges
                0x00000000000006d8       0x48 obj/Source/portable/MemMang/heap_4.o
 .debug_aranges
                0x0000000000000720       0x40 obj/App/STM32F4-Discovery/Libraries/STM32F4xx_StdPeriph_Driver/src/misc.o
 .debug_aranges
                0x0000000000000760       0xb0 obj/App/STM32F4-Discovery/Libraries/STM32F4xx_StdPeriph_Driver/src/stm32f4xx_dma.o
 .debug_aranges
                0x0000000000000810       0x58 obj/App/STM32F4-Discovery/Libraries/STM32F4xx_StdPeriph_Driver/src/stm32f4xx_exti.o
 .debug_aranges
                0x0000000000000868       0x88 obj/App/STM32F4-Discovery/Libraries/STM32F4xx_StdPeriph_Driver/src/stm32f4xx_gpio.o
 .debug_aranges
                0x00000000000008f0      0x178 obj/App/STM32F4-Discovery/Libraries/STM32F4xx_StdPeriph_Driver/src/stm32f4xx_rcc.o
 .debug_aranges
                0x0000000000000a68       0xe0 obj/App/STM32F4-Discovery/Libraries/STM32F4xx_StdPeriph_Driver/src/stm32f4xx_spi.o
 .debug_aranges
                0x0000000000000b48       0x48 obj/App/STM32F4-Discovery/Libraries/STM32F4xx_StdPeriph_Driver/src/stm32f4xx_syscfg.o
 .debug_aranges
                0x0000000000000b90      0x100 obj/App/STM32F4-Discovery/Libraries/STM32F4xx_StdPeriph_Driver/src/stm32f4xx_usart.o

.debug_ranges   0x0000000000000000      0xb30
 .debug_ranges  0x0000000000000000       0x48 obj/App/STM32F4-Discovery/spi.o
 .debug_ranges  0x0000000000000048       0xd0 obj/App/STM32F4-Discovery/W5200.o
 .debug_ranges  0x0000000000000118       0x68 obj/App/STM32F4-Discovery/modbus_mk.o
 .debug_ranges  0x0000000000000180       0x20 obj/App/STM32F4-Discovery/tcpCLI.o
 .debug_ranges  0x00000000000001a0       0x48 obj/App/STM32F4-Discovery/printf-stdarg.o
 .debug_ranges  0x00000000000001e8       0x60 obj/App/STM32F4-Discovery/main.o
 .debug_ranges  0x0000000000000248       0x20 obj/App/STM32F4-Discovery/startup/system_stm32f4xx.o
 .debug_ranges  0x0000000000000268      0x150 obj/Source/tasks.o
 .debug_ranges  0x00000000000003b8       0xe8 obj/Source/queue.o
 .debug_ranges  0x00000000000004a0       0x30 obj/Source/list.o
 .debug_ranges  0x00000000000004d0       0x88 obj/Source/portable/GCC/ARM_CM4F/port.o
 .debug_ranges  0x0000000000000558       0x78 obj/Source/timers.o
 .debug_ranges  0x00000000000005d0       0x38 obj/Source/FreeRTOS-Plus-CLI/FreeRTOS_CLI.o
 .debug_ranges  0x0000000000000608       0x38 obj/Source/portable/MemMang/heap_4.o
 .debug_ranges  0x0000000000000640       0x30 obj/App/STM32F4-Discovery/Libraries/STM32F4xx_StdPeriph_Driver/src/misc.o
 .debug_ranges  0x0000000000000670       0xa0 obj/App/STM32F4-Discovery/Libraries/STM32F4xx_StdPeriph_Driver/src/stm32f4xx_dma.o
 .debug_ranges  0x0000000000000710       0x48 obj/App/STM32F4-Discovery/Libraries/STM32F4xx_StdPeriph_Driver/src/stm32f4xx_exti.o
 .debug_ranges  0x0000000000000758       0x78 obj/App/STM32F4-Discovery/Libraries/STM32F4xx_StdPeriph_Driver/src/stm32f4xx_gpio.o
 .debug_ranges  0x00000000000007d0      0x168 obj/App/STM32F4-Discovery/Libraries/STM32F4xx_StdPeriph_Driver/src/stm32f4xx_rcc.o
 .debug_ranges  0x0000000000000938       0xd0 obj/App/STM32F4-Discovery/Libraries/STM32F4xx_StdPeriph_Driver/src/stm32f4xx_spi.o
 .debug_ranges  0x0000000000000a08       0x38 obj/App/STM32F4-Discovery/Libraries/STM32F4xx_StdPeriph_Driver/src/stm32f4xx_syscfg.o
 .debug_ranges  0x0000000000000a40       0xf0 obj/App/STM32F4-Discovery/Libraries/STM32F4xx_StdPeriph_Driver/src/stm32f4xx_usart.o

.debug_line     0x0000000000000000     0x5f80
 .debug_line    0x0000000000000000      0x422 obj/App/STM32F4-Discovery/spi.o
 .debug_line    0x0000000000000422      0x5a2 obj/App/STM32F4-Discovery/W5200.o
 .debug_line    0x00000000000009c4      0x54a obj/App/STM32F4-Discovery/modbus_mk.o
 .debug_line    0x0000000000000f0e      0x373 obj/App/STM32F4-Discovery/tcpCLI.o
 .debug_line    0x0000000000001281      0x258 obj/App/STM32F4-Discovery/printf-stdarg.o
 .debug_line    0x00000000000014d9      0x3c4 obj/App/STM32F4-Discovery/main.o
 .debug_line    0x000000000000189d      0x20f obj/App/STM32F4-Discovery/startup/system_stm32f4xx.o
 .debug_line    0x0000000000001aac      0x92d obj/Source/tasks.o
 .debug_line    0x00000000000023d9      0x6c8 obj/Source/queue.o
 .debug_line    0x0000000000002aa1      0x1eb obj/Source/list.o
 .debug_line    0x0000000000002c8c      0x32b obj/Source/portable/GCC/ARM_CM4F/port.o
 .debug_line    0x0000000000002fb7      0x353 obj/Source/timers.o
 .debug_line    0x000000000000330a      0x2bf obj/Source/FreeRTOS-Plus-CLI/FreeRTOS_CLI.o
 .debug_line    0x00000000000035c9      0x279 obj/Source/portable/MemMang/heap_4.o
 .debug_line    0x0000000000003842      0x2a2 obj/App/STM32F4-Discovery/Libraries/STM32F4xx_StdPeriph_Driver/src/misc.o
 .debug_line    0x0000000000003ae4      0x58d obj/App/STM32F4-Discovery/Libraries/STM32F4xx_StdPeriph_Driver/src/stm32f4xx_dma.o
 .debug_line    0x0000000000004071      0x319 obj/App/STM32F4-Discovery/Libraries/STM32F4xx_StdPeriph_Driver/src/stm32f4xx_exti.o
 .debug_line    0x000000000000438a      0x44d obj/App/STM32F4-Discovery/Libraries/STM32F4xx_StdPeriph_Driver/src/stm32f4xx_gpio.o
 .debug_line    0x00000000000047d7      0x814 obj/App/STM32F4-Discovery/Libraries/STM32F4xx_StdPeriph_Driver/src/stm32f4xx_rcc.o
 .debug_line    0x0000000000004feb      0x655 obj/App/STM32F4-Discovery/Libraries/STM32F4xx_StdPeriph_Driver/src/stm32f4xx_spi.o
 .debug_line    0x0000000000005640      0x251 obj/App/STM32F4-Discovery/Libraries/STM32F4xx_StdPeriph_Driver/src/stm32f4xx_syscfg.o
 .debug_line    0x0000000000005891      0x6ef obj/App/STM32F4-Discovery/Libraries/STM32F4xx_StdPeriph_Driver/src/stm32f4xx_usart.o

.debug_str      0x0000000000000000     0x4316
 .debug_str     0x0000000000000000      0xd90 obj/App/STM32F4-Discovery/spi.o
                                        0xe1f (size before relaxing)
 .debug_str     0x0000000000000d90      0x2a3 obj/App/STM32F4-Discovery/W5200.o
                                        0x5ef (size before relaxing)
 .debug_str     0x0000000000001033      0x33c obj/App/STM32F4-Discovery/modbus_mk.o
                                        0xdf6 (size before relaxing)
 .debug_str     0x000000000000136f       0xc9 obj/App/STM32F4-Discovery/tcpCLI.o
                                        0x4dc (size before relaxing)
 .debug_str     0x0000000000001438       0xa5 obj/App/STM32F4-Discovery/printf-stdarg.o
                                        0x1e1 (size before relaxing)
 .debug_str     0x00000000000014dd      0x1ce obj/App/STM32F4-Discovery/main.o
                                        0xba6 (size before relaxing)
 .debug_str     0x00000000000016ab      0x1cf obj/App/STM32F4-Discovery/startup/system_stm32f4xx.o
                                        0x41e (size before relaxing)
 .debug_str     0x000000000000187a      0x93d obj/Source/tasks.o
                                        0xb75 (size before relaxing)
 .debug_str     0x00000000000021b7      0x452 obj/Source/queue.o
                                        0x74e (size before relaxing)
 .debug_str     0x0000000000002609       0x9b obj/Source/list.o
                                        0x2f6 (size before relaxing)
 .debug_str     0x00000000000026a4      0x22c obj/Source/portable/GCC/ARM_CM4F/port.o
                                        0x439 (size before relaxing)
 .debug_str     0x00000000000028d0      0x335 obj/Source/timers.o
                                        0x604 (size before relaxing)
 .debug_str     0x0000000000002c05      0x1ef obj/Source/FreeRTOS-Plus-CLI/FreeRTOS_CLI.o
                                        0x4af (size before relaxing)
 .debug_str     0x0000000000002df4      0x195 obj/Source/portable/MemMang/heap_4.o
                                        0x37a (size before relaxing)
 .debug_str     0x0000000000002f89      0x12f obj/App/STM32F4-Discovery/Libraries/STM32F4xx_StdPeriph_Driver/src/misc.o
                                        0x45d (size before relaxing)
 .debug_str     0x00000000000030b8      0x27c obj/App/STM32F4-Discovery/Libraries/STM32F4xx_StdPeriph_Driver/src/stm32f4xx_dma.o
                                        0x5e3 (size before relaxing)
 .debug_str     0x0000000000003334       0xf6 obj/App/STM32F4-Discovery/Libraries/STM32F4xx_StdPeriph_Driver/src/stm32f4xx_exti.o
                                        0x40e (size before relaxing)
 .debug_str     0x000000000000342a      0x193 obj/App/STM32F4-Discovery/Libraries/STM32F4xx_StdPeriph_Driver/src/stm32f4xx_gpio.o
                                        0x532 (size before relaxing)
 .debug_str     0x00000000000035bd      0x56f obj/App/STM32F4-Discovery/Libraries/STM32F4xx_StdPeriph_Driver/src/stm32f4xx_rcc.o
                                        0x8df (size before relaxing)
 .debug_str     0x0000000000003b2c      0x2e9 obj/App/STM32F4-Discovery/Libraries/STM32F4xx_StdPeriph_Driver/src/stm32f4xx_spi.o
                                        0x719 (size before relaxing)
 .debug_str     0x0000000000003e15      0x169 obj/App/STM32F4-Discovery/Libraries/STM32F4xx_StdPeriph_Driver/src/stm32f4xx_syscfg.o
                                        0x383 (size before relaxing)
 .debug_str     0x0000000000003f7e      0x398 obj/App/STM32F4-Discovery/Libraries/STM32F4xx_StdPeriph_Driver/src/stm32f4xx_usart.o
                                        0x71e (size before relaxing)

.comment        0x0000000000000000       0x70
 .comment       0x0000000000000000       0x70 obj/App/STM32F4-Discovery/spi.o
                                         0x71 (size before relaxing)
 .comment       0x0000000000000000       0x71 obj/App/STM32F4-Discovery/W5200.o
 .comment       0x0000000000000000       0x71 obj/App/STM32F4-Discovery/modbus_mk.o
 .comment       0x0000000000000000       0x71 obj/App/STM32F4-Discovery/tcpCLI.o
 .comment       0x0000000000000000       0x71 obj/App/STM32F4-Discovery/printf-stdarg.o
 .comment       0x0000000000000000       0x71 obj/App/STM32F4-Discovery/main.o
 .comment       0x0000000000000000       0x71 obj/App/STM32F4-Discovery/startup/system_stm32f4xx.o
 .comment       0x0000000000000000       0x71 obj/Source/tasks.o
 .comment       0x0000000000000000       0x71 obj/Source/queue.o
 .comment       0x0000000000000000       0x71 obj/Source/list.o
 .comment       0x0000000000000000       0x71 obj/Source/portable/GCC/ARM_CM4F/port.o
 .comment       0x0000000000000000       0x71 obj/Source/timers.o
 .comment       0x0000000000000000       0x71 obj/Source/FreeRTOS-Plus-CLI/FreeRTOS_CLI.o
 .comment       0x0000000000000000       0x71 obj/Source/portable/MemMang/heap_4.o
 .comment       0x0000000000000000       0x71 obj/App/STM32F4-Discovery/Libraries/STM32F4xx_StdPeriph_Driver/src/misc.o
 .comment       0x0000000000000000       0x71 obj/App/STM32F4-Discovery/Libraries/STM32F4xx_StdPeriph_Driver/src/stm32f4xx_dma.o
 .comment       0x0000000000000000       0x71 obj/App/STM32F4-Discovery/Libraries/STM32F4xx_StdPeriph_Driver/src/stm32f4xx_exti.o
 .comment       0x0000000000000000       0x71 obj/App/STM32F4-Discovery/Libraries/STM32F4xx_StdPeriph_Driver/src/stm32f4xx_gpio.o
 .comment       0x0000000000000000       0x71 obj/App/STM32F4-Discovery/Libraries/STM32F4xx_StdPeriph_Driver/src/stm32f4xx_rcc.o
 .comment       0x0000000000000000       0x71 obj/App/STM32F4-Discovery/Libraries/STM32F4xx_StdPeriph_Driver/src/stm32f4xx_spi.o
 .comment       0x0000000000000000       0x71 obj/App/STM32F4-Discovery/Libraries/STM32F4xx_StdPeriph_Driver/src/stm32f4xx_syscfg.o
 .comment       0x0000000000000000       0x71 obj/App/STM32F4-Discovery/Libraries/STM32F4xx_StdPeriph_Driver/src/stm32f4xx_usart.o

.debug_frame    0x0000000000000000     0x2cd8
 .debug_frame   0x0000000000000000      0x124 obj/App/STM32F4-Discovery/spi.o
 .debug_frame   0x0000000000000124      0x33c obj/App/STM32F4-Discovery/W5200.o
 .debug_frame   0x0000000000000460      0x188 obj/App/STM32F4-Discovery/modbus_mk.o
 .debug_frame   0x00000000000005e8       0x90 obj/App/STM32F4-Discovery/tcpCLI.o
 .debug_frame   0x0000000000000678      0x154 obj/App/STM32F4-Discovery/printf-stdarg.o
 .debug_frame   0x00000000000007cc      0x154 obj/App/STM32F4-Discovery/main.o
 .debug_frame   0x0000000000000920       0x64 obj/App/STM32F4-Discovery/startup/system_stm32f4xx.o
 .debug_frame   0x0000000000000984      0x510 obj/Source/tasks.o
 .debug_frame   0x0000000000000e94      0x384 obj/Source/queue.o
 .debug_frame   0x0000000000001218       0x9c obj/Source/list.o
 .debug_frame   0x00000000000012b4      0x190 obj/Source/portable/GCC/ARM_CM4F/port.o
 .debug_frame   0x0000000000001444      0x1c4 obj/Source/timers.o
 .debug_frame   0x0000000000001608       0xc4 obj/Source/FreeRTOS-Plus-CLI/FreeRTOS_CLI.o
 .debug_frame   0x00000000000016cc       0xc4 obj/Source/portable/MemMang/heap_4.o
 .debug_frame   0x0000000000001790       0xb0 obj/App/STM32F4-Discovery/Libraries/STM32F4xx_StdPeriph_Driver/src/misc.o
 .debug_frame   0x0000000000001840      0x26c obj/App/STM32F4-Discovery/Libraries/STM32F4xx_StdPeriph_Driver/src/stm32f4xx_dma.o
 .debug_frame   0x0000000000001aac      0x108 obj/App/STM32F4-Discovery/Libraries/STM32F4xx_StdPeriph_Driver/src/stm32f4xx_exti.o
 .debug_frame   0x0000000000001bb4      0x1cc obj/App/STM32F4-Discovery/Libraries/STM32F4xx_StdPeriph_Driver/src/stm32f4xx_gpio.o
 .debug_frame   0x0000000000001d80      0x580 obj/App/STM32F4-Discovery/Libraries/STM32F4xx_StdPeriph_Driver/src/stm32f4xx_rcc.o
 .debug_frame   0x0000000000002300      0x328 obj/App/STM32F4-Discovery/Libraries/STM32F4xx_StdPeriph_Driver/src/stm32f4xx_spi.o
 .debug_frame   0x0000000000002628       0xcc obj/App/STM32F4-Discovery/Libraries/STM32F4xx_StdPeriph_Driver/src/stm32f4xx_syscfg.o
 .debug_frame   0x00000000000026f4      0x3a8 obj/App/STM32F4-Discovery/Libraries/STM32F4xx_StdPeriph_Driver/src/stm32f4xx_usart.o
 .debug_frame   0x0000000000002a9c       0x30 /Users/maticknap/ARM/gcc-arm-none-eabi-4_8-2014q2/bin/../lib/gcc/arm-none-eabi/4.8.4/../../../../arm-none-eabi/lib/armv7e-m/softfp/libc.a(lib_a-atoi.o)
 .debug_frame   0x0000000000002acc       0x2c /Users/maticknap/ARM/gcc-arm-none-eabi-4_8-2014q2/bin/../lib/gcc/arm-none-eabi/4.8.4/../../../../arm-none-eabi/lib/armv7e-m/softfp/libc.a(lib_a-init.o)
 .debug_frame   0x0000000000002af8       0x2c /Users/maticknap/ARM/gcc-arm-none-eabi-4_8-2014q2/bin/../lib/gcc/arm-none-eabi/4.8.4/../../../../arm-none-eabi/lib/armv7e-m/softfp/libc.a(lib_a-memcmp.o)
 .debug_frame   0x0000000000002b24       0x2c /Users/maticknap/ARM/gcc-arm-none-eabi-4_8-2014q2/bin/../lib/gcc/arm-none-eabi/4.8.4/../../../../arm-none-eabi/lib/armv7e-m/softfp/libc.a(lib_a-memset.o)
 .debug_frame   0x0000000000002b50       0x20 /Users/maticknap/ARM/gcc-arm-none-eabi-4_8-2014q2/bin/../lib/gcc/arm-none-eabi/4.8.4/../../../../arm-none-eabi/lib/armv7e-m/softfp/libc.a(lib_a-strlen.o)
 .debug_frame   0x0000000000002b70       0x28 /Users/maticknap/ARM/gcc-arm-none-eabi-4_8-2014q2/bin/../lib/gcc/arm-none-eabi/4.8.4/../../../../arm-none-eabi/lib/armv7e-m/softfp/libc.a(lib_a-strncmp.o)
 .debug_frame   0x0000000000002b98       0x2c /Users/maticknap/ARM/gcc-arm-none-eabi-4_8-2014q2/bin/../lib/gcc/arm-none-eabi/4.8.4/../../../../arm-none-eabi/lib/armv7e-m/softfp/libc.a(lib_a-strncpy.o)
 .debug_frame   0x0000000000002bc4       0x50 /Users/maticknap/ARM/gcc-arm-none-eabi-4_8-2014q2/bin/../lib/gcc/arm-none-eabi/4.8.4/../../../../arm-none-eabi/lib/armv7e-m/softfp/libc.a(lib_a-strtol.o)
 .debug_frame   0x0000000000002c14       0x48 /Users/maticknap/ARM/gcc-arm-none-eabi-4_8-2014q2/bin/../lib/gcc/arm-none-eabi/4.8.4/../../../../arm-none-eabi/lib/armv7e-m/softfp/libc.a(lib_a-__call_atexit.o)
 .debug_frame   0x0000000000002c5c       0x20 /Users/maticknap/ARM/gcc-arm-none-eabi-4_8-2014q2/bin/../lib/gcc/arm-none-eabi/4.8.4/../../../../arm-none-eabi/lib/armv7e-m/softfp/libc.a(lib_a-atexit.o)
 .debug_frame   0x0000000000002c7c       0x2c /Users/maticknap/ARM/gcc-arm-none-eabi-4_8-2014q2/bin/../lib/gcc/arm-none-eabi/4.8.4/../../../../arm-none-eabi/lib/armv7e-m/softfp/libc.a(lib_a-fini.o)
 .debug_frame   0x0000000000002ca8       0x30 /Users/maticknap/ARM/gcc-arm-none-eabi-4_8-2014q2/bin/../lib/gcc/arm-none-eabi/4.8.4/../../../../arm-none-eabi/lib/armv7e-m/softfp/libc.a(lib_a-__atexit.o)

Cross Reference Table

Symbol                                            File
ADC_AnalogWatchdogCmd                             obj/App/STM32F4-Discovery/Libraries/STM32F4xx_StdPeriph_Driver/src/stm32f4xx_adc.o
ADC_AnalogWatchdogSingleChannelConfig             obj/App/STM32F4-Discovery/Libraries/STM32F4xx_StdPeriph_Driver/src/stm32f4xx_adc.o
ADC_AnalogWatchdogThresholdsConfig                obj/App/STM32F4-Discovery/Libraries/STM32F4xx_StdPeriph_Driver/src/stm32f4xx_adc.o
ADC_AutoInjectedConvCmd                           obj/App/STM32F4-Discovery/Libraries/STM32F4xx_StdPeriph_Driver/src/stm32f4xx_adc.o
ADC_ClearFlag                                     obj/App/STM32F4-Discovery/Libraries/STM32F4xx_StdPeriph_Driver/src/stm32f4xx_adc.o
ADC_ClearITPendingBit                             obj/App/STM32F4-Discovery/Libraries/STM32F4xx_StdPeriph_Driver/src/stm32f4xx_adc.o
ADC_Cmd                                           obj/App/STM32F4-Discovery/Libraries/STM32F4xx_StdPeriph_Driver/src/stm32f4xx_adc.o
ADC_CommonInit                                    obj/App/STM32F4-Discovery/Libraries/STM32F4xx_StdPeriph_Driver/src/stm32f4xx_adc.o
ADC_CommonStructInit                              obj/App/STM32F4-Discovery/Libraries/STM32F4xx_StdPeriph_Driver/src/stm32f4xx_adc.o
ADC_ContinuousModeCmd                             obj/App/STM32F4-Discovery/Libraries/STM32F4xx_StdPeriph_Driver/src/stm32f4xx_adc.o
ADC_DMACmd                                        obj/App/STM32F4-Discovery/Libraries/STM32F4xx_StdPeriph_Driver/src/stm32f4xx_adc.o
ADC_DMARequestAfterLastTransferCmd                obj/App/STM32F4-Discovery/Libraries/STM32F4xx_StdPeriph_Driver/src/stm32f4xx_adc.o
ADC_DeInit                                        obj/App/STM32F4-Discovery/Libraries/STM32F4xx_StdPeriph_Driver/src/stm32f4xx_adc.o
ADC_DiscModeChannelCountConfig                    obj/App/STM32F4-Discovery/Libraries/STM32F4xx_StdPeriph_Driver/src/stm32f4xx_adc.o
ADC_DiscModeCmd                                   obj/App/STM32F4-Discovery/Libraries/STM32F4xx_StdPeriph_Driver/src/stm32f4xx_adc.o
ADC_EOCOnEachRegularChannelCmd                    obj/App/STM32F4-Discovery/Libraries/STM32F4xx_StdPeriph_Driver/src/stm32f4xx_adc.o
ADC_ExternalTrigInjectedConvConfig                obj/App/STM32F4-Discovery/Libraries/STM32F4xx_StdPeriph_Driver/src/stm32f4xx_adc.o
ADC_ExternalTrigInjectedConvEdgeConfig            obj/App/STM32F4-Discovery/Libraries/STM32F4xx_StdPeriph_Driver/src/stm32f4xx_adc.o
ADC_GetConversionValue                            obj/App/STM32F4-Discovery/Libraries/STM32F4xx_StdPeriph_Driver/src/stm32f4xx_adc.o
ADC_GetFlagStatus                                 obj/App/STM32F4-Discovery/Libraries/STM32F4xx_StdPeriph_Driver/src/stm32f4xx_adc.o
ADC_GetITStatus                                   obj/App/STM32F4-Discovery/Libraries/STM32F4xx_StdPeriph_Driver/src/stm32f4xx_adc.o
ADC_GetInjectedConversionValue                    obj/App/STM32F4-Discovery/Libraries/STM32F4xx_StdPeriph_Driver/src/stm32f4xx_adc.o
ADC_GetMultiModeConversionValue                   obj/App/STM32F4-Discovery/Libraries/STM32F4xx_StdPeriph_Driver/src/stm32f4xx_adc.o
ADC_GetSoftwareStartConvStatus                    obj/App/STM32F4-Discovery/Libraries/STM32F4xx_StdPeriph_Driver/src/stm32f4xx_adc.o
ADC_GetSoftwareStartInjectedConvCmdStatus         obj/App/STM32F4-Discovery/Libraries/STM32F4xx_StdPeriph_Driver/src/stm32f4xx_adc.o
ADC_IRQHandler                                    obj/App/STM32F4-Discovery/startup/startup_stm32f4xx.o
ADC_ITConfig                                      obj/App/STM32F4-Discovery/Libraries/STM32F4xx_StdPeriph_Driver/src/stm32f4xx_adc.o
ADC_Init                                          obj/App/STM32F4-Discovery/Libraries/STM32F4xx_StdPeriph_Driver/src/stm32f4xx_adc.o
ADC_InjectedChannelConfig                         obj/App/STM32F4-Discovery/Libraries/STM32F4xx_StdPeriph_Driver/src/stm32f4xx_adc.o
ADC_InjectedDiscModeCmd                           obj/App/STM32F4-Discovery/Libraries/STM32F4xx_StdPeriph_Driver/src/stm32f4xx_adc.o
ADC_InjectedSequencerLengthConfig                 obj/App/STM32F4-Discovery/Libraries/STM32F4xx_StdPeriph_Driver/src/stm32f4xx_adc.o
ADC_MultiModeDMARequestAfterLastTransferCmd       obj/App/STM32F4-Discovery/Libraries/STM32F4xx_StdPeriph_Driver/src/stm32f4xx_adc.o
ADC_RegularChannelConfig                          obj/App/STM32F4-Discovery/Libraries/STM32F4xx_StdPeriph_Driver/src/stm32f4xx_adc.o
ADC_SetInjectedOffset                             obj/App/STM32F4-Discovery/Libraries/STM32F4xx_StdPeriph_Driver/src/stm32f4xx_adc.o
ADC_SoftwareStartConv                             obj/App/STM32F4-Discovery/Libraries/STM32F4xx_StdPeriph_Driver/src/stm32f4xx_adc.o
ADC_SoftwareStartInjectedConv                     obj/App/STM32F4-Discovery/Libraries/STM32F4xx_StdPeriph_Driver/src/stm32f4xx_adc.o
ADC_StructInit                                    obj/App/STM32F4-Discovery/Libraries/STM32F4xx_StdPeriph_Driver/src/stm32f4xx_adc.o
ADC_TempSensorVrefintCmd                          obj/App/STM32F4-Discovery/Libraries/STM32F4xx_StdPeriph_Driver/src/stm32f4xx_adc.o
ADC_VBATCmd                                       obj/App/STM32F4-Discovery/Libraries/STM32F4xx_StdPeriph_Driver/src/stm32f4xx_adc.o
AHBPrescTable                                     obj/App/STM32F4-Discovery/startup/system_stm32f4xx.o
BUTTON_CLK                                        obj/App/STM32F4-Discovery/board/stm32f4_discovery.o
BUTTON_EXTI_LINE                                  obj/App/STM32F4-Discovery/board/stm32f4_discovery.o
BUTTON_IRQn                                       obj/App/STM32F4-Discovery/board/stm32f4_discovery.o
BUTTON_PIN                                        obj/App/STM32F4-Discovery/board/stm32f4_discovery.o
BUTTON_PIN_SOURCE                                 obj/App/STM32F4-Discovery/board/stm32f4_discovery.o
BUTTON_PORT                                       obj/App/STM32F4-Discovery/board/stm32f4_discovery.o
BUTTON_PORT_SOURCE                                obj/App/STM32F4-Discovery/board/stm32f4_discovery.o
BusFault_Handler                                  obj/App/STM32F4-Discovery/startup/startup_stm32f4xx.o
CAN1_RX0_IRQHandler                               obj/App/STM32F4-Discovery/startup/startup_stm32f4xx.o
CAN1_RX1_IRQHandler                               obj/App/STM32F4-Discovery/startup/startup_stm32f4xx.o